{"Header": null, "MonthlyCommodityExportData": [{"regional_data": [{"state": "NSW", "data": [{"date": "2004-02-29", "value": 1504142.298}, {"date": "2004-03-31", "value": 1642954.036}, {"date": "2004-04-30", "value": 1612799.416}, {"date": "2004-05-31", "value": 1905826.301}, {"date": "2004-06-30", "value": 2083301.502}, {"date": "2004-07-31", "value": 1765892.258}, {"date": "2004-08-31", "value": 1911016.372}, {"date": "2004-09-30", "value": 1928087.731}, {"date": "2004-10-31", "value": 1967849.303}, {"date": "2004-11-30", "value": 1778101.337}, {"date": "2004-12-31", "value": 1928368.237}, {"date": "2005-01-31", "value": 1770628.813}, {"date": "2005-02-28", "value": 1840253.521}, {"date": "2005-03-31", "value": 1985833.673}, {"date": "2005-04-30", "value": 1995346.285}]}, {"state": "WA", "data": [{"date": "2004-02-29", "value": 2484862.77}, {"date": "2004-03-31", "value": 2713831.11}, {"date": "2004-04-30", "value": 2798126.069}, {"date": "2004-05-31", "value": 2767395.903}, {"date": "2004-06-30", "value": 2860105.64}, {"date": "2004-07-31", "value": 2986719.861}, {"date": "2004-08-31", "value": 2942521.024}, {"date": "2004-09-30", "value": 3127270.074}, {"date": "2004-10-31", "value": 3141350.132}, {"date": "2004-11-30", "value": 3109792.715}, {"date": "2004-12-31", "value": 3257068.321}, {"date": "2005-01-31", "value": 3097937.562}, {"date": "2005-02-28", "value": 2948627.745}, {"date": "2005-03-31", "value": 3198396.491}, {"date": "2005-04-30", "value": 3719090.073}]}, {"state": "SA", "data": [{"date": "2004-02-29", "value": 691662.295}, {"date": "2004-03-31", "value": 625014.96}, {"date": "2004-04-30", "value": 642773.161}, {"date": "2004-05-31", "value": 691369.823}, {"date": "2004-06-30", "value": 673351.735}, {"date": "2004-07-31", "value": 637858.214}, {"date": "2004-08-31", "value": 725344.634}, {"date": "2004-09-30", "value": 651005.073}, {"date": "2004-10-31", "value": 666676.118}, {"date": "2004-11-30", "value": 599402.707}, {"date": "2004-12-31", "value": 619814.444}, {"date": "2005-01-31", "value": 594357.006}, {"date": "2005-02-28", "value": 572666.906}, {"date": "2005-03-31", "value": 694521.114}, {"date": "2005-04-30", "value": 635480.475}]}], "commodity": "Total"}, {"regional_data": [{"state": "NSW", "data": [{"date": "2004-02-29", "value": 231499.591}, {"date": "2004-03-31", "value": 243470.436}, {"date": "2004-04-30", "value": 217667.028}, {"date": "2004-05-31", "value": 317713.663}, {"date": "2004-06-30", "value": 294248.643}, {"date": "2004-07-31", "value": 289257.427}, {"date": "2004-08-31", "value": 271034.934}, {"date": "2004-09-30", "value": 292780.755}, {"date": "2004-10-31", "value": 281265.843}, {"date": "2004-11-30", "value": 260112.767}, {"date": "2004-12-31", "value": 260170.74}, {"date": "2005-01-31", "value": 255429.451}, {"date": "2005-02-28", "value": 274263.725}, {"date": "2005-03-31", "value": 258563.514}, {"date": "2005-04-30", "value": 264155.501}]}, {"state": "WA", "data": [{"date": "2004-02-29", "value": 262802.43}, {"date": "2004-03-31", "value": 310967.136}, {"date": "2004-04-30", "value": 348548.782}, {"date": "2004-05-31", "value": 317027.741}, {"date": "2004-06-30", "value": 339851.676}, {"date": "2004-07-31", "value": 300692.296}, {"date": "2004-08-31", "value": 286180.289}, {"date": "2004-09-30", "value": 302537.7}, {"date": "2004-10-31", "value": 277961.837}, {"date": "2004-11-30", "value": 281861.381}, {"date": "2004-12-31", "value": 309063.475}, {"date": "2005-01-31", "value": 291364.182}, {"date": "2005-02-28", "value": 282162.067}, {"date": "2005-03-31", "value": 256284.329}, {"date": "2005-04-30", "value": 254512.933}]}, {"state": "SA", "data": [{"date": "2004-02-29", "value": 196747.744}, {"date": "2004-03-31", "value": 125600.441}, {"date": "2004-04-30", "value": 175344.398}, {"date": "2004-05-31", "value": 159265.05}, {"date": "2004-06-30", "value": 137525.551}, {"date": "2004-07-31", "value": 151202.256}, {"date": "2004-08-31", "value": 167562.005}, {"date": "2004-09-30", "value": 111680.962}, {"date": "2004-10-31", "value": 126049.249}, {"date": "2004-11-30", "value": 91722.355}, {"date": "2004-12-31", "value": 105714.29}, {"date": "2005-01-31", "value": 131542.905}, {"date": "2005-02-28", "value": 135819.063}, {"date": "2005-03-31", "value": 129338.553}, {"date": "2005-04-30", "value": 115875.68}]}], "commodity": "FoodAndLiveAnimals"}, {"regional_data": [{"state": "NSW", "data": [{"date": "2004-02-29", "value": 53777.07}, {"date": "2004-03-31", "value": 59503.537}, {"date": "2004-04-30", "value": 58030.851}, {"date": "2004-05-31", "value": 58921.997}, {"date": "2004-06-30", "value": 66512.761}, {"date": "2004-07-31", "value": 55213.045}, {"date": "2004-08-31", "value": 55208.543}, {"date": "2004-09-30", "value": 58867.281}, {"date": "2004-10-31", "value": 58944.32}, {"date": "2004-11-30", "value": 43238.909}, {"date": "2004-12-31", "value": 46580.596}, {"date": "2005-01-31", "value": 36323.969}, {"date": "2005-02-28", "value": 41484.815}, {"date": "2005-03-31", "value": 46565.524}, {"date": "2005-04-30", "value": 41435.69}]}, {"state": "WA", "data": [{"date": "2004-02-29", "value": 4133.461}, {"date": "2004-03-31", "value": 5145.441}, {"date": "2004-04-30", "value": 4206.472}, {"date": "2004-05-31", "value": 2509.604}, {"date": "2004-06-30", "value": 5550.227}, {"date": "2004-07-31", "value": 3764.599}, {"date": "2004-08-31", "value": 3623.252}, {"date": "2004-09-30", "value": 4733.901}, {"date": "2004-10-31", "value": 5354.012}, {"date": "2004-11-30", "value": 3157.406}, {"date": "2004-12-31", "value": 3115.36}, {"date": "2005-01-31", "value": 3559.608}, {"date": "2005-02-28", "value": 3895.589}, {"date": "2005-03-31", "value": 4386.308}, {"date": "2005-04-30", "value": 5400.51}]}, {"state": "SA", "data": [{"date": "2004-02-29", "value": 112696.78}, {"date": "2004-03-31", "value": 125428.485}, {"date": "2004-04-30", "value": 115630.711}, {"date": "2004-05-31", "value": 126229.043}, {"date": "2004-06-30", "value": 128869.469}, {"date": "2004-07-31", "value": 121707.718}, {"date": "2004-08-31", "value": 148613.391}, {"date": "2004-09-30", "value": 155385.716}, {"date": "2004-10-31", "value": 163033.856}, {"date": "2004-11-30", "value": 127592.555}, {"date": "2004-12-31", "value": 140003.847}, {"date": "2005-01-31", "value": 111869.877}, {"date": "2005-02-28", "value": 106637.047}, {"date": "2005-03-31", "value": 123075.893}, {"date": "2005-04-30", "value": 132156.336}]}], "commodity": "BeveragesAndTobacco"}]}