{"Header": null, "MonthlyCommodityExportData": [{"regional_data": [{"state": "Total", "data": [{"date": "2016-05-31", "value": 20673427.713}, {"date": "2016-06-30", "value": 20400902.147}, {"date": "2016-07-31", "value": 21089206.006}, {"date": "2016-08-31", "value": 21551790.56}, {"date": "2016-09-30", "value": 21655424.464}, {"date": "2016-10-31", "value": 22266218.274}, {"date": "2016-11-30", "value": 24760899.602}, {"date": "2016-12-31", "value": 28486165.906}, {"date": "2017-01-31", "value": 22786114.532}, {"date": "2017-02-28", "value": 23340982.789}]}], "commodity": "Total"}, {"regional_data": [{"state": "Total", "data": [{"date": "2016-05-31", "value": 2881210.885}, {"date": "2016-06-30", "value": 2646107.092}, {"date": "2016-07-31", "value": 2713965.295}, {"date": "2016-08-31", "value": 2567107.866}, {"date": "2016-09-30", "value": 2438347.395}, {"date": "2016-10-31", "value": 2416984.027}, {"date": "2016-11-30", "value": 2767041.07}, {"date": "2016-12-31", "value": 3463060.897}, {"date": "2017-01-31", "value": 2958023.875}, {"date": "2017-02-28", "value": 2982969.998}]}], "commodity": "FoodAndLiveAnimals"}, {"regional_data": [{"state": "Total", "data": [{"date": "2016-05-31", "value": 200721.467}, {"date": "2016-06-30", "value": 232392.32}, {"date": "2016-07-31", "value": 214618.401}, {"date": "2016-08-31", "value": 234445.486}, {"date": "2016-09-30", "value": 254637.558}, {"date": "2016-10-31", "value": 251336.294}, {"date": "2016-11-30", "value": 257942.883}, {"date": "2016-12-31", "value": 274877.416}, {"date": "2017-01-31", "value": 173414.586}, {"date": "2017-02-28", "value": 202878.973}]}], "commodity": "BeveragesAndTobacco"}, {"regional_data": [{"state": "Total", "data": [{"date": "2016-05-31", "value": 6904602.04}, {"date": "2016-06-30", "value": 6797678.883}, {"date": "2016-07-31", "value": 6456485.523}, {"date": "2016-08-31", "value": 7251752.801}, {"date": "2016-09-30", "value": 7226449.978}, {"date": "2016-10-31", "value": 6883072.238}, {"date": "2016-11-30", "value": 7983738.004}, {"date": "2016-12-31", "value": 9925987.983}, {"date": "2017-01-31", "value": 7954858.463}, {"date": "2017-02-28", "value": 8038778.867}]}], "commodity": "CrudeMaterialAndInedible"}, {"regional_data": [{"state": "Total", "data": [{"date": "2016-05-31", "value": 4490346.593}, {"date": "2016-06-30", "value": 4887722.647}, {"date": "2016-07-31", "value": 4885555.703}, {"date": "2016-08-31", "value": 5288146.023}, {"date": "2016-09-30", "value": 5751167.821}, {"date": "2016-10-31", "value": 6522851.474}, {"date": "2016-11-30", "value": 7805170.627}, {"date": "2016-12-31", "value": 8419029.938}, {"date": "2017-01-31", "value": 7269142.163}, {"date": "2017-02-28", "value": 6661101.457}]}], "commodity": "MineralFuelLubricantAndRelatedMaterial"}, {"regional_data": [{"state": "Total", "data": [{"date": "2016-05-31", "value": 56063.367}, {"date": "2016-06-30", "value": 45084.553}, {"date": "2016-07-31", "value": 56786.448}, {"date": "2016-08-31", "value": 73222.814}, {"date": "2016-09-30", "value": 42953.857}, {"date": "2016-10-31", "value": 50048.057}, {"date": "2016-11-30", "value": 60263.448}, {"date": "2016-12-31", "value": 63389.302}, {"date": "2017-01-31", "value": 53222.907}, {"date": "2017-02-28", "value": 64802.622}]}], "commodity": "AnimalAndVegetableOilFatAndWaxes"}, {"regional_data": [{"state": "Total", "data": [{"date": "2016-05-31", "value": 715302.528}, {"date": "2016-06-30", "value": 734100.253}, {"date": "2016-07-31", "value": 776262.193}, {"date": "2016-08-31", "value": 763713.342}, {"date": "2016-09-30", "value": 727543.565}, {"date": "2016-10-31", "value": 745315.057}, {"date": "2016-11-30", "value": 644929.576}, {"date": "2016-12-31", "value": 714885.592}, {"date": "2017-01-31", "value": 552729.591}, {"date": "2017-02-28", "value": 578066.363}]}], "commodity": "ChemicalsAndRelatedProducts"}, {"regional_data": [{"state": "Total", "data": [{"date": "2016-05-31", "value": 1129126.558}, {"date": "2016-06-30", "value": 1126473.297}, {"date": "2016-07-31", "value": 991462.792}, {"date": "2016-08-31", "value": 1079662.868}, {"date": "2016-09-30", "value": 1154873.035}, {"date": "2016-10-31", "value": 1090772.292}, {"date": "2016-11-30", "value": 1210711.936}, {"date": "2016-12-31", "value": 1243633.306}, {"date": "2017-01-31", "value": 929351.834}, {"date": "2017-02-28", "value": 1110877.887}]}], "commodity": "ManufacturedGoods"}, {"regional_data": [{"state": "Total", "data": [{"date": "2016-05-31", "value": 1330477.938}, {"date": "2016-06-30", "value": 1284225.422}, {"date": "2016-07-31", "value": 1375920.086}, {"date": "2016-08-31", "value": 1239692.192}, {"date": "2016-09-30", "value": 1271503.045}, {"date": "2016-10-31", "value": 1287992.566}, {"date": "2016-11-30", "value": 1295754.775}, {"date": "2016-12-31", "value": 1402253.619}, {"date": "2017-01-31", "value": 915975.289}, {"date": "2017-02-28", "value": 1138014.794}]}], "commodity": "MachineryAndTransportEquipments"}, {"regional_data": [{"state": "Total", "data": [{"date": "2016-05-31", "value": 562821.649}, {"date": "2016-06-30", "value": 572780.949}, {"date": "2016-07-31", "value": 569312.001}, {"date": "2016-08-31", "value": 553046.539}, {"date": "2016-09-30", "value": 559960.788}, {"date": "2016-10-31", "value": 564002.302}, {"date": "2016-11-30", "value": 577686.113}, {"date": "2016-12-31", "value": 617857.138}, {"date": "2017-01-31", "value": 388826.96}, {"date": "2017-02-28", "value": 507033.1}]}], "commodity": "OtherManufacturedArticles"}, {"regional_data": [{"state": "Total", "data": [{"date": "2016-05-31", "value": 2402754.688}, {"date": "2016-06-30", "value": 2074336.731}, {"date": "2016-07-31", "value": 3048837.564}, {"date": "2016-08-31", "value": 2501000.629}, {"date": "2016-09-30", "value": 2227987.422}, {"date": "2016-10-31", "value": 2453843.967}, {"date": "2016-11-30", "value": 2157661.17}, {"date": "2016-12-31", "value": 2361190.715}, {"date": "2017-01-31", "value": 1590568.864}, {"date": "2017-02-28", "value": 2056458.728}]}], "commodity": "Unclassified"}]}