{"error": "End date is invalid. There is no such date 2013-02-29."}