{"error": "The type you are requiring (AnimalAndVegetableOilFat) doesn't exist. You should choose from ['AnimalAndVegetableOilFatAndWaxes', 'BeveragesAndTobacco', 'CrudeMaterialAndInedible', 'Unclassified', 'OtherManufacturedArticles', 'FoodAndLiveAnimals', 'ChemicalsAndRelatedProducts', 'MachineryAndTransportEquipments', 'MineralFuelLubricantAndRelatedMaterial', 'ManufacturedGoods', 'Total']"}