{"error": "End date is invalid. There is no such date 2011-15-19."}