{"error": "The type you are requiring (NZ) doesn't exist. You should choose from ['VIC', 'AUS', 'WA', 'ACT', 'TAS', 'SA', 'Total', 'NT', 'QLD', 'NSW']"}