{"Header": null, "MonthlyRetailData": [{"category": "Total", "regional_data": [{"state": "NSW", "data": [{"date": "2004-02-29", "turnover": 4353.8}, {"date": "2004-03-31", "turnover": 4678.1}, {"date": "2004-04-30", "turnover": 4673.5}, {"date": "2004-05-31", "turnover": 4772.0}, {"date": "2004-06-30", "turnover": 4677.0}, {"date": "2004-07-31", "turnover": 4831.4}, {"date": "2004-08-31", "turnover": 4679.7}, {"date": "2004-09-30", "turnover": 4841.5}, {"date": "2004-10-31", "turnover": 5021.0}, {"date": "2004-11-30", "turnover": 5144.6}, {"date": "2004-12-31", "turnover": 6517.2}, {"date": "2005-01-31", "turnover": 4887.2}, {"date": "2005-02-28", "turnover": 4377.8}, {"date": "2005-03-31", "turnover": 4825.0}, {"date": "2005-04-30", "turnover": 4674.5}]}, {"state": "WA", "data": [{"date": "2004-02-29", "turnover": 1379.2}, {"date": "2004-03-31", "turnover": 1479.5}, {"date": "2004-04-30", "turnover": 1513.3}, {"date": "2004-05-31", "turnover": 1511.5}, {"date": "2004-06-30", "turnover": 1513.5}, {"date": "2004-07-31", "turnover": 1592.8}, {"date": "2004-08-31", "turnover": 1525.4}, {"date": "2004-09-30", "turnover": 1595.5}, {"date": "2004-10-31", "turnover": 1659.4}, {"date": "2004-11-30", "turnover": 1692.3}, {"date": "2004-12-31", "turnover": 2155.1}, {"date": "2005-01-31", "turnover": 1560.0}, {"date": "2005-02-28", "turnover": 1438.3}, {"date": "2005-03-31", "turnover": 1590.1}, {"date": "2005-04-30", "turnover": 1583.7}]}, {"state": "SA", "data": [{"date": "2004-02-29", "turnover": 944.0}, {"date": "2004-03-31", "turnover": 1042.9}, {"date": "2004-04-30", "turnover": 1042.1}, {"date": "2004-05-31", "turnover": 1032.0}, {"date": "2004-06-30", "turnover": 1041.9}, {"date": "2004-07-31", "turnover": 1074.0}, {"date": "2004-08-31", "turnover": 1024.0}, {"date": "2004-09-30", "turnover": 1054.9}, {"date": "2004-10-31", "turnover": 1108.0}, {"date": "2004-11-30", "turnover": 1142.2}, {"date": "2004-12-31", "turnover": 1458.2}, {"date": "2005-01-31", "turnover": 1060.4}, {"date": "2005-02-28", "turnover": 971.3}, {"date": "2005-03-31", "turnover": 1092.4}, {"date": "2005-04-30", "turnover": 1035.4}]}]}, {"category": "Food", "regional_data": [{"state": "NSW", "data": [{"date": "2004-02-29", "turnover": 1757.4}, {"date": "2004-03-31", "turnover": 1841.5}, {"date": "2004-04-30", "turnover": 1845.1}, {"date": "2004-05-31", "turnover": 1829.8}, {"date": "2004-06-30", "turnover": 1764.4}, {"date": "2004-07-31", "turnover": 1871.5}, {"date": "2004-08-31", "turnover": 1840.4}, {"date": "2004-09-30", "turnover": 1858.9}, {"date": "2004-10-31", "turnover": 1926.9}, {"date": "2004-11-30", "turnover": 1915.2}, {"date": "2004-12-31", "turnover": 2241.3}, {"date": "2005-01-31", "turnover": 1920.2}, {"date": "2005-02-28", "turnover": 1781.3}, {"date": "2005-03-31", "turnover": 1958.9}, {"date": "2005-04-30", "turnover": 1875.7}]}, {"state": "WA", "data": [{"date": "2004-02-29", "turnover": 563.7}, {"date": "2004-03-31", "turnover": 597.1}, {"date": "2004-04-30", "turnover": 620.7}, {"date": "2004-05-31", "turnover": 599.9}, {"date": "2004-06-30", "turnover": 586.4}, {"date": "2004-07-31", "turnover": 625.0}, {"date": "2004-08-31", "turnover": 610.0}, {"date": "2004-09-30", "turnover": 621.9}, {"date": "2004-10-31", "turnover": 628.6}, {"date": "2004-11-30", "turnover": 631.0}, {"date": "2004-12-31", "turnover": 772.8}, {"date": "2005-01-31", "turnover": 609.4}, {"date": "2005-02-28", "turnover": 580.1}, {"date": "2005-03-31", "turnover": 651.1}, {"date": "2005-04-30", "turnover": 625.8}]}, {"state": "SA", "data": [{"date": "2004-02-29", "turnover": 360.2}, {"date": "2004-03-31", "turnover": 385.7}, {"date": "2004-04-30", "turnover": 392.2}, {"date": "2004-05-31", "turnover": 380.9}, {"date": "2004-06-30", "turnover": 372.0}, {"date": "2004-07-31", "turnover": 401.6}, {"date": "2004-08-31", "turnover": 385.9}, {"date": "2004-09-30", "turnover": 394.0}, {"date": "2004-10-31", "turnover": 410.1}, {"date": "2004-11-30", "turnover": 405.2}, {"date": "2004-12-31", "turnover": 480.2}, {"date": "2005-01-31", "turnover": 387.9}, {"date": "2005-02-28", "turnover": 375.1}, {"date": "2005-03-31", "turnover": 426.6}, {"date": "2005-04-30", "turnover": 394.8}]}]}, {"category": "HouseholdGood", "regional_data": [{"state": "NSW", "data": [{"date": "2004-02-29", "turnover": 727.7}, {"date": "2004-03-31", "turnover": 785.8}, {"date": "2004-04-30", "turnover": 732.0}, {"date": "2004-05-31", "turnover": 780.4}, {"date": "2004-06-30", "turnover": 803.6}, {"date": "2004-07-31", "turnover": 845.1}, {"date": "2004-08-31", "turnover": 804.7}, {"date": "2004-09-30", "turnover": 820.0}, {"date": "2004-10-31", "turnover": 894.4}, {"date": "2004-11-30", "turnover": 943.3}, {"date": "2004-12-31", "turnover": 1148.9}, {"date": "2005-01-31", "turnover": 875.5}, {"date": "2005-02-28", "turnover": 768.8}, {"date": "2005-03-31", "turnover": 810.3}, {"date": "2005-04-30", "turnover": 814.9}]}, {"state": "WA", "data": [{"date": "2004-02-29", "turnover": 281.2}, {"date": "2004-03-31", "turnover": 307.4}, {"date": "2004-04-30", "turnover": 298.8}, {"date": "2004-05-31", "turnover": 316.3}, {"date": "2004-06-30", "turnover": 334.0}, {"date": "2004-07-31", "turnover": 346.8}, {"date": "2004-08-31", "turnover": 330.1}, {"date": "2004-09-30", "turnover": 348.6}, {"date": "2004-10-31", "turnover": 371.6}, {"date": "2004-11-30", "turnover": 375.0}, {"date": "2004-12-31", "turnover": 462.6}, {"date": "2005-01-31", "turnover": 357.9}, {"date": "2005-02-28", "turnover": 316.1}, {"date": "2005-03-31", "turnover": 336.1}, {"date": "2005-04-30", "turnover": 337.5}]}, {"state": "SA", "data": [{"date": "2004-02-29", "turnover": 203.2}, {"date": "2004-03-31", "turnover": 224.4}, {"date": "2004-04-30", "turnover": 212.1}, {"date": "2004-05-31", "turnover": 211.1}, {"date": "2004-06-30", "turnover": 224.9}, {"date": "2004-07-31", "turnover": 222.7}, {"date": "2004-08-31", "turnover": 216.0}, {"date": "2004-09-30", "turnover": 219.0}, {"date": "2004-10-31", "turnover": 237.4}, {"date": "2004-11-30", "turnover": 246.8}, {"date": "2004-12-31", "turnover": 305.9}, {"date": "2005-01-31", "turnover": 228.6}, {"date": "2005-02-28", "turnover": 198.1}, {"date": "2005-03-31", "turnover": 215.8}, {"date": "2005-04-30", "turnover": 213.2}]}]}]}