{"Header": null, "MonthlyRetailData": [{"category": "Total", "regional_data": [{"state": "AUS", "data": [{"date": "2016-05-31", "turnover": 24143.5}, {"date": "2016-06-30", "turnover": 24165.3}, {"date": "2016-07-31", "turnover": 24563.7}, {"date": "2016-08-31", "turnover": 24591.3}, {"date": "2016-09-30", "turnover": 25063.6}, {"date": "2016-10-31", "turnover": 25974.6}, {"date": "2016-11-30", "turnover": 26781.1}, {"date": "2016-12-31", "turnover": 33100.2}, {"date": "2017-01-31", "turnover": 25306.2}, {"date": "2017-02-28", "turnover": 22615.0}]}, {"state": "NSW", "data": [{"date": "2016-05-31", "turnover": 7796.0}, {"date": "2016-06-30", "turnover": 7756.2}, {"date": "2016-07-31", "turnover": 7792.0}, {"date": "2016-08-31", "turnover": 7805.4}, {"date": "2016-09-30", "turnover": 8043.8}, {"date": "2016-10-31", "turnover": 8383.1}, {"date": "2016-11-30", "turnover": 8744.0}, {"date": "2016-12-31", "turnover": 10783.1}, {"date": "2017-01-31", "turnover": 8199.0}, {"date": "2017-02-28", "turnover": 7298.9}]}, {"state": "WA", "data": [{"date": "2016-05-31", "turnover": 2721.3}, {"date": "2016-06-30", "turnover": 2708.3}, {"date": "2016-07-31", "turnover": 2764.9}, {"date": "2016-08-31", "turnover": 2743.7}, {"date": "2016-09-30", "turnover": 2779.4}, {"date": "2016-10-31", "turnover": 2899.8}, {"date": "2016-11-30", "turnover": 2940.9}, {"date": "2016-12-31", "turnover": 3637.2}, {"date": "2017-01-31", "turnover": 2764.9}, {"date": "2017-02-28", "turnover": 2506.4}]}, {"state": "SA", "data": [{"date": "2016-05-31", "turnover": 1582.6}, {"date": "2016-06-30", "turnover": 1568.5}, {"date": "2016-07-31", "turnover": 1621.3}, {"date": "2016-08-31", "turnover": 1609.9}, {"date": "2016-09-30", "turnover": 1622.5}, {"date": "2016-10-31", "turnover": 1678.8}, {"date": "2016-11-30", "turnover": 1729.3}, {"date": "2016-12-31", "turnover": 2139.2}, {"date": "2017-01-31", "turnover": 1662.1}, {"date": "2017-02-28", "turnover": 1485.6}]}, {"state": "ACT", "data": [{"date": "2016-05-31", "turnover": 445.9}, {"date": "2016-06-30", "turnover": 437.2}, {"date": "2016-07-31", "turnover": 450.1}, {"date": "2016-08-31", "turnover": 445.6}, {"date": "2016-09-30", "turnover": 453.5}, {"date": "2016-10-31", "turnover": 480.2}, {"date": "2016-11-30", "turnover": 492.7}, {"date": "2016-12-31", "turnover": 603.0}, {"date": "2017-01-31", "turnover": 462.5}, {"date": "2017-02-28", "turnover": 426.7}]}, {"state": "VIC", "data": [{"date": "2016-05-31", "turnover": 6083.8}, {"date": "2016-06-30", "turnover": 6072.5}, {"date": "2016-07-31", "turnover": 6059.4}, {"date": "2016-08-31", "turnover": 6127.3}, {"date": "2016-09-30", "turnover": 6270.8}, {"date": "2016-10-31", "turnover": 6508.1}, {"date": "2016-11-30", "turnover": 6752.1}, {"date": "2016-12-31", "turnover": 8457.6}, {"date": "2017-01-31", "turnover": 6355.5}, {"date": "2017-02-28", "turnover": 5710.5}]}, {"state": "TAS", "data": [{"date": "2016-05-31", "turnover": 478.1}, {"date": "2016-06-30", "turnover": 465.8}, {"date": "2016-07-31", "turnover": 490.2}, {"date": "2016-08-31", "turnover": 481.2}, {"date": "2016-09-30", "turnover": 483.4}, {"date": "2016-10-31", "turnover": 501.9}, {"date": "2016-11-30", "turnover": 524.7}, {"date": "2016-12-31", "turnover": 659.1}, {"date": "2017-01-31", "turnover": 515.9}, {"date": "2017-02-28", "turnover": 469.8}]}, {"state": "QLD", "data": [{"date": "2016-05-31", "turnover": 4781.0}, {"date": "2016-06-30", "turnover": 4894.2}, {"date": "2016-07-31", "turnover": 5104.3}, {"date": "2016-08-31", "turnover": 5100.1}, {"date": "2016-09-30", "turnover": 5141.5}, {"date": "2016-10-31", "turnover": 5257.2}, {"date": "2016-11-30", "turnover": 5337.8}, {"date": "2016-12-31", "turnover": 6527.7}, {"date": "2017-01-31", "turnover": 5111.9}, {"date": "2017-02-28", "turnover": 4493.7}]}, {"state": "NT", "data": [{"date": "2016-05-31", "turnover": 254.9}, {"date": "2016-06-30", "turnover": 262.7}, {"date": "2016-07-31", "turnover": 281.4}, {"date": "2016-08-31", "turnover": 278.2}, {"date": "2016-09-30", "turnover": 268.9}, {"date": "2016-10-31", "turnover": 265.5}, {"date": "2016-11-30", "turnover": 259.5}, {"date": "2016-12-31", "turnover": 293.2}, {"date": "2017-01-31", "turnover": 234.2}, {"date": "2017-02-28", "turnover": 223.4}]}]}, {"category": "Food", "regional_data": [{"state": "AUS", "data": [{"date": "2016-05-31", "turnover": 9815.2}, {"date": "2016-06-30", "turnover": 9516.5}, {"date": "2016-07-31", "turnover": 9928.5}, {"date": "2016-08-31", "turnover": 10041.9}, {"date": "2016-09-30", "turnover": 10005.7}, {"date": "2016-10-31", "turnover": 10482.6}, {"date": "2016-11-30", "turnover": 10435.7}, {"date": "2016-12-31", "turnover": 12230.1}, {"date": "2017-01-31", "turnover": 10431.5}, {"date": "2017-02-28", "turnover": 9574.6}]}, {"state": "NSW", "data": [{"date": "2016-05-31", "turnover": 3012.7}, {"date": "2016-06-30", "turnover": 2914.5}, {"date": "2016-07-31", "turnover": 2979.3}, {"date": "2016-08-31", "turnover": 3050.9}, {"date": "2016-09-30", "turnover": 3051.3}, {"date": "2016-10-31", "turnover": 3233.8}, {"date": "2016-11-30", "turnover": 3214.7}, {"date": "2016-12-31", "turnover": 3807.7}, {"date": "2017-01-31", "turnover": 3237.1}, {"date": "2017-02-28", "turnover": 2966.8}]}, {"state": "WA", "data": [{"date": "2016-05-31", "turnover": 1114.7}, {"date": "2016-06-30", "turnover": 1082.2}, {"date": "2016-07-31", "turnover": 1135.5}, {"date": "2016-08-31", "turnover": 1135.5}, {"date": "2016-09-30", "turnover": 1130.1}, {"date": "2016-10-31", "turnover": 1170.1}, {"date": "2016-11-30", "turnover": 1175.5}, {"date": "2016-12-31", "turnover": 1370.0}, {"date": "2017-01-31", "turnover": 1152.7}, {"date": "2017-02-28", "turnover": 1073.5}]}, {"state": "SA", "data": [{"date": "2016-05-31", "turnover": 711.8}, {"date": "2016-06-30", "turnover": 687.3}, {"date": "2016-07-31", "turnover": 716.8}, {"date": "2016-08-31", "turnover": 728.0}, {"date": "2016-09-30", "turnover": 733.0}, {"date": "2016-10-31", "turnover": 758.2}, {"date": "2016-11-30", "turnover": 760.6}, {"date": "2016-12-31", "turnover": 889.7}, {"date": "2017-01-31", "turnover": 749.0}, {"date": "2017-02-28", "turnover": 689.1}]}, {"state": "ACT", "data": [{"date": "2016-05-31", "turnover": 195.7}, {"date": "2016-06-30", "turnover": 189.8}, {"date": "2016-07-31", "turnover": 198.9}, {"date": "2016-08-31", "turnover": 198.0}, {"date": "2016-09-30", "turnover": 197.7}, {"date": "2016-10-31", "turnover": 212.7}, {"date": "2016-11-30", "turnover": 210.5}, {"date": "2016-12-31", "turnover": 232.4}, {"date": "2017-01-31", "turnover": 204.5}, {"date": "2017-02-28", "turnover": 193.4}]}, {"state": "VIC", "data": [{"date": "2016-05-31", "turnover": 2412.5}, {"date": "2016-06-30", "turnover": 2313.8}, {"date": "2016-07-31", "turnover": 2406.9}, {"date": "2016-08-31", "turnover": 2437.3}, {"date": "2016-09-30", "turnover": 2433.6}, {"date": "2016-10-31", "turnover": 2553.5}, {"date": "2016-11-30", "turnover": 2558.5}, {"date": "2016-12-31", "turnover": 3022.8}, {"date": "2017-01-31", "turnover": 2547.8}, {"date": "2017-02-28", "turnover": 2350.6}]}, {"state": "TAS", "data": [{"date": "2016-05-31", "turnover": 202.6}, {"date": "2016-06-30", "turnover": 193.5}, {"date": "2016-07-31", "turnover": 202.8}, {"date": "2016-08-31", "turnover": 200.4}, {"date": "2016-09-30", "turnover": 202.2}, {"date": "2016-10-31", "turnover": 214.9}, {"date": "2016-11-30", "turnover": 218.9}, {"date": "2016-12-31", "turnover": 261.2}, {"date": "2017-01-31", "turnover": 229.5}, {"date": "2017-02-28", "turnover": 209.8}]}, {"state": "QLD", "data": [{"date": "2016-05-31", "turnover": 2045.1}, {"date": "2016-06-30", "turnover": 2010.8}, {"date": "2016-07-31", "turnover": 2152.7}, {"date": "2016-08-31", "turnover": 2160.4}, {"date": "2016-09-30", "turnover": 2131.3}, {"date": "2016-10-31", "turnover": 2212.5}, {"date": "2016-11-30", "turnover": 2175.8}, {"date": "2016-12-31", "turnover": 2518.5}, {"date": "2017-01-31", "turnover": 2197.7}, {"date": "2017-02-28", "turnover": 1983.3}]}, {"state": "NT", "data": [{"date": "2016-05-31", "turnover": 120.1}, {"date": "2016-06-30", "turnover": 124.6}, {"date": "2016-07-31", "turnover": 135.6}, {"date": "2016-08-31", "turnover": 131.5}, {"date": "2016-09-30", "turnover": 126.6}, {"date": "2016-10-31", "turnover": 127.0}, {"date": "2016-11-30", "turnover": 121.3}, {"date": "2016-12-31", "turnover": 127.7}, {"date": "2017-01-31", "turnover": 113.2}, {"date": "2017-02-28", "turnover": 108.1}]}]}, {"category": "HouseholdGood", "regional_data": [{"state": "AUS", "data": [{"date": "2016-05-31", "turnover": 4092.5}, {"date": "2016-06-30", "turnover": 4357.3}, {"date": "2016-07-31", "turnover": 4225.1}, {"date": "2016-08-31", "turnover": 4239.4}, {"date": "2016-09-30", "turnover": 4469.0}, {"date": "2016-10-31", "turnover": 4696.8}, {"date": "2016-11-30", "turnover": 4874.4}, {"date": "2016-12-31", "turnover": 5782.3}, {"date": "2017-01-31", "turnover": 4463.5}, {"date": "2017-02-28", "turnover": 3897.6}]}, {"state": "NSW", "data": [{"date": "2016-05-31", "turnover": 1318.0}, {"date": "2016-06-30", "turnover": 1388.3}, {"date": "2016-07-31", "turnover": 1337.4}, {"date": "2016-08-31", "turnover": 1339.7}, {"date": "2016-09-30", "turnover": 1442.6}, {"date": "2016-10-31", "turnover": 1510.1}, {"date": "2016-11-30", "turnover": 1579.4}, {"date": "2016-12-31", "turnover": 1856.2}, {"date": "2017-01-31", "turnover": 1427.0}, {"date": "2017-02-28", "turnover": 1245.1}]}, {"state": "WA", "data": [{"date": "2016-05-31", "turnover": 487.7}, {"date": "2016-06-30", "turnover": 526.2}, {"date": "2016-07-31", "turnover": 502.2}, {"date": "2016-08-31", "turnover": 492.5}, {"date": "2016-09-30", "turnover": 518.8}, {"date": "2016-10-31", "turnover": 563.9}, {"date": "2016-11-30", "turnover": 555.1}, {"date": "2016-12-31", "turnover": 662.0}, {"date": "2017-01-31", "turnover": 502.9}, {"date": "2017-02-28", "turnover": 436.0}]}, {"state": "SA", "data": [{"date": "2016-05-31", "turnover": 221.3}, {"date": "2016-06-30", "turnover": 235.9}, {"date": "2016-07-31", "turnover": 239.0}, {"date": "2016-08-31", "turnover": 235.5}, {"date": "2016-09-30", "turnover": 238.8}, {"date": "2016-10-31", "turnover": 260.0}, {"date": "2016-11-30", "turnover": 268.3}, {"date": "2016-12-31", "turnover": 323.6}, {"date": "2017-01-31", "turnover": 264.5}, {"date": "2017-02-28", "turnover": 221.3}]}, {"state": "ACT", "data": [{"date": "2016-05-31", "turnover": 77.0}, {"date": "2016-06-30", "turnover": 79.2}, {"date": "2016-07-31", "turnover": 80.4}, {"date": "2016-08-31", "turnover": 76.8}, {"date": "2016-09-30", "turnover": 83.2}, {"date": "2016-10-31", "turnover": 92.2}, {"date": "2016-11-30", "turnover": 95.7}, {"date": "2016-12-31", "turnover": 118.0}, {"date": "2017-01-31", "turnover": 91.1}, {"date": "2017-02-28", "turnover": 77.4}]}, {"state": "VIC", "data": [{"date": "2016-05-31", "turnover": 1056.0}, {"date": "2016-06-30", "turnover": 1129.3}, {"date": "2016-07-31", "turnover": 1078.0}, {"date": "2016-08-31", "turnover": 1094.8}, {"date": "2016-09-30", "turnover": 1154.3}, {"date": "2016-10-31", "turnover": 1209.1}, {"date": "2016-11-30", "turnover": 1281.3}, {"date": "2016-12-31", "turnover": 1568.7}, {"date": "2017-01-31", "turnover": 1173.0}, {"date": "2017-02-28", "turnover": 1035.8}]}, {"state": "TAS", "data": [{"date": "2016-05-31", "turnover": 92.1}, {"date": "2016-06-30", "turnover": 94.8}, {"date": "2016-07-31", "turnover": 94.3}, {"date": "2016-08-31", "turnover": 97.0}, {"date": "2016-09-30", "turnover": 94.1}, {"date": "2016-10-31", "turnover": 103.0}, {"date": "2016-11-30", "turnover": 107.9}, {"date": "2016-12-31", "turnover": 123.7}, {"date": "2017-01-31", "turnover": 96.3}, {"date": "2017-02-28", "turnover": 92.0}]}, {"state": "QLD", "data": [{"date": "2016-05-31", "turnover": 800.9}, {"date": "2016-06-30", "turnover": 861.3}, {"date": "2016-07-31", "turnover": 853.4}, {"date": "2016-08-31", "turnover": 862.2}, {"date": "2016-09-30", "turnover": 897.3}, {"date": "2016-10-31", "turnover": 918.8}, {"date": "2016-11-30", "turnover": 947.6}, {"date": "2016-12-31", "turnover": 1085.0}, {"date": "2017-01-31", "turnover": 872.7}, {"date": "2017-02-28", "turnover": 757.4}]}, {"state": "NT", "data": [{"date": "2016-05-31", "turnover": 39.4}, {"date": "2016-06-30", "turnover": 42.3}, {"date": "2016-07-31", "turnover": 40.4}, {"date": "2016-08-31", "turnover": 41.0}, {"date": "2016-09-30", "turnover": 39.9}, {"date": "2016-10-31", "turnover": 39.7}, {"date": "2016-11-30", "turnover": 39.2}, {"date": "2016-12-31", "turnover": 45.2}, {"date": "2017-01-31", "turnover": 36.0}, {"date": "2017-02-28", "turnover": 32.5}]}]}, {"category": "ClothingFootwareAndPersonalAccessory", "regional_data": [{"state": "AUS", "data": [{"date": "2016-05-31", "turnover": 1926.7}, {"date": "2016-06-30", "turnover": 1967.1}, {"date": "2016-07-31", "turnover": 1876.1}, {"date": "2016-08-31", "turnover": 1806.3}, {"date": "2016-09-30", "turnover": 1896.8}, {"date": "2016-10-31", "turnover": 1937.8}, {"date": "2016-11-30", "turnover": 2057.1}, {"date": "2016-12-31", "turnover": 3330.5}, {"date": "2017-01-31", "turnover": 1939.7}, {"date": "2017-02-28", "turnover": 1558.9}]}, {"state": "NSW", "data": [{"date": "2016-05-31", "turnover": 723.6}, {"date": "2016-06-30", "turnover": 747.6}, {"date": "2016-07-31", "turnover": 693.8}, {"date": "2016-08-31", "turnover": 667.4}, {"date": "2016-09-30", "turnover": 708.9}, {"date": "2016-10-31", "turnover": 728.1}, {"date": "2016-11-30", "turnover": 787.4}, {"date": "2016-12-31", "turnover": 1261.9}, {"date": "2017-01-31", "turnover": 745.2}, {"date": "2017-02-28", "turnover": 594.1}]}, {"state": "WA", "data": [{"date": "2016-05-31", "turnover": 169.1}, {"date": "2016-06-30", "turnover": 164.6}, {"date": "2016-07-31", "turnover": 165.3}, {"date": "2016-08-31", "turnover": 154.0}, {"date": "2016-09-30", "turnover": 159.3}, {"date": "2016-10-31", "turnover": 162.7}, {"date": "2016-11-30", "turnover": 169.8}, {"date": "2016-12-31", "turnover": 282.7}, {"date": "2017-01-31", "turnover": 153.4}, {"date": "2017-02-28", "turnover": 128.7}]}, {"state": "SA", "data": [{"date": "2016-05-31", "turnover": 109.9}, {"date": "2016-06-30", "turnover": 108.0}, {"date": "2016-07-31", "turnover": 108.9}, {"date": "2016-08-31", "turnover": 98.9}, {"date": "2016-09-30", "turnover": 99.7}, {"date": "2016-10-31", "turnover": 102.3}, {"date": "2016-11-30", "turnover": 111.0}, {"date": "2016-12-31", "turnover": 181.6}, {"date": "2017-01-31", "turnover": 105.5}, {"date": "2017-02-28", "turnover": 83.9}]}, {"state": "ACT", "data": [{"date": "2016-05-31", "turnover": 34.8}, {"date": "2016-06-30", "turnover": 33.5}, {"date": "2016-07-31", "turnover": 31.2}, {"date": "2016-08-31", "turnover": 29.5}, {"date": "2016-09-30", "turnover": 30.9}, {"date": "2016-10-31", "turnover": 32.4}, {"date": "2016-11-30", "turnover": 35.3}, {"date": "2016-12-31", "turnover": 58.8}, {"date": "2017-01-31", "turnover": 34.3}, {"date": "2017-02-28", "turnover": 27.1}]}, {"state": "VIC", "data": [{"date": "2016-05-31", "turnover": 535.9}, {"date": "2016-06-30", "turnover": 534.0}, {"date": "2016-07-31", "turnover": 485.5}, {"date": "2016-08-31", "turnover": 483.1}, {"date": "2016-09-30", "turnover": 506.3}, {"date": "2016-10-31", "turnover": 525.3}, {"date": "2016-11-30", "turnover": 557.1}, {"date": "2016-12-31", "turnover": 875.4}, {"date": "2017-01-31", "turnover": 505.4}, {"date": "2017-02-28", "turnover": 432.4}]}, {"state": "TAS", "data": [{"date": "2016-05-31", "turnover": 29.3}, {"date": "2016-06-30", "turnover": 28.8}, {"date": "2016-07-31", "turnover": 29.7}, {"date": "2016-08-31", "turnover": 28.3}, {"date": "2016-09-30", "turnover": 29.3}, {"date": "2016-10-31", "turnover": 26.7}, {"date": "2016-11-30", "turnover": 31.9}, {"date": "2016-12-31", "turnover": 52.4}, {"date": "2017-01-31", "turnover": 31.3}, {"date": "2017-02-28", "turnover": 24.4}]}, {"state": "QLD", "data": [{"date": "2016-05-31", "turnover": 310.6}, {"date": "2016-06-30", "turnover": 336.8}, {"date": "2016-07-31", "turnover": 345.2}, {"date": "2016-08-31", "turnover": 329.6}, {"date": "2016-09-30", "turnover": 347.6}, {"date": "2016-10-31", "turnover": 346.1}, {"date": "2016-11-30", "turnover": 350.1}, {"date": "2016-12-31", "turnover": 596.1}, {"date": "2017-01-31", "turnover": 352.2}, {"date": "2017-02-28", "turnover": 258.1}]}, {"state": "NT", "data": [{"date": "2016-05-31", "turnover": 13.6}, {"date": "2016-06-30", "turnover": 13.8}, {"date": "2016-07-31", "turnover": 16.3}, {"date": "2016-08-31", "turnover": 15.5}, {"date": "2016-09-30", "turnover": 14.9}, {"date": "2016-10-31", "turnover": 14.3}, {"date": "2016-11-30", "turnover": 14.5}, {"date": "2016-12-31", "turnover": 21.6}, {"date": "2017-01-31", "turnover": 12.4}, {"date": "2017-02-28", "turnover": 10.3}]}]}, {"category": "DepartmentStores", "regional_data": [{"state": "AUS", "data": [{"date": "2016-05-31", "turnover": 1449.7}, {"date": "2016-06-30", "turnover": 1596.1}, {"date": "2016-07-31", "turnover": 1468.3}, {"date": "2016-08-31", "turnover": 1293.9}, {"date": "2016-09-30", "turnover": 1393.5}, {"date": "2016-10-31", "turnover": 1497.4}, {"date": "2016-11-30", "turnover": 1684.3}, {"date": "2016-12-31", "turnover": 2850.4}, {"date": "2017-01-31", "turnover": 1428.5}, {"date": "2017-02-28", "turnover": 1092.4}]}, {"state": "NSW", "data": [{"date": "2016-05-31", "turnover": 475.6}, {"date": "2016-06-30", "turnover": 530.2}, {"date": "2016-07-31", "turnover": 468.2}, {"date": "2016-08-31", "turnover": 413.9}, {"date": "2016-09-30", "turnover": 461.8}, {"date": "2016-10-31", "turnover": 495.6}, {"date": "2016-11-30", "turnover": 555.0}, {"date": "2016-12-31", "turnover": 939.8}, {"date": "2017-01-31", "turnover": 465.1}, {"date": "2017-02-28", "turnover": 350.5}]}, {"state": "WA", "data": [{"date": "2016-05-31", "turnover": 167.1}, {"date": "2016-06-30", "turnover": 170.7}, {"date": "2016-07-31", "turnover": 163.4}, {"date": "2016-08-31", "turnover": 145.0}, {"date": "2016-09-30", "turnover": 150.3}, {"date": "2016-10-31", "turnover": 167.2}, {"date": "2016-11-30", "turnover": 188.0}, {"date": "2016-12-31", "turnover": 317.7}, {"date": "2017-01-31", "turnover": 150.5}, {"date": "2017-02-28", "turnover": 122.9}]}, {"state": "SA", "data": [{"date": "2016-05-31", "turnover": 106.9}, {"date": "2016-06-30", "turnover": 116.5}, {"date": "2016-07-31", "turnover": 108.7}, {"date": "2016-08-31", "turnover": 92.6}, {"date": "2016-09-30", "turnover": 95.6}, {"date": "2016-10-31", "turnover": 105.8}, {"date": "2016-11-30", "turnover": 120.1}, {"date": "2016-12-31", "turnover": 200.9}, {"date": "2017-01-31", "turnover": 103.4}, {"date": "2017-02-28", "turnover": 78.2}]}, {"state": "ACT", "data": [{"date": "2016-05-31", "turnover": 30.5}, {"date": "2016-06-30", "turnover": 32.1}, {"date": "2016-07-31", "turnover": 27.3}, {"date": "2016-08-31", "turnover": 25.1}, {"date": "2016-09-30", "turnover": 27.3}, {"date": "2016-10-31", "turnover": 29.7}, {"date": "2016-11-30", "turnover": 33.2}, {"date": "2016-12-31", "turnover": 58.2}, {"date": "2017-01-31", "turnover": 30.3}, {"date": "2017-02-28", "turnover": 22.4}]}, {"state": "VIC", "data": [{"date": "2016-05-31", "turnover": 361.9}, {"date": "2016-06-30", "turnover": 396.8}, {"date": "2016-07-31", "turnover": 358.9}, {"date": "2016-08-31", "turnover": 316.0}, {"date": "2016-09-30", "turnover": 336.2}, {"date": "2016-10-31", "turnover": 364.1}, {"date": "2016-11-30", "turnover": 407.5}, {"date": "2016-12-31", "turnover": 708.7}, {"date": "2017-01-31", "turnover": 360.3}, {"date": "2017-02-28", "turnover": 276.6}]}, {"state": "TAS", "data": [{"date": "2016-05-31", "turnover": null}, {"date": "2016-06-30", "turnover": null}, {"date": "2016-07-31", "turnover": null}, {"date": "2016-08-31", "turnover": null}, {"date": "2016-09-30", "turnover": null}, {"date": "2016-10-31", "turnover": null}, {"date": "2016-11-30", "turnover": null}, {"date": "2016-12-31", "turnover": null}, {"date": "2017-01-31", "turnover": null}, {"date": "2017-02-28", "turnover": null}]}, {"state": "QLD", "data": [{"date": "2016-05-31", "turnover": 269.7}, {"date": "2016-06-30", "turnover": 312.2}, {"date": "2016-07-31", "turnover": 300.4}, {"date": "2016-08-31", "turnover": 266.9}, {"date": "2016-09-30", "turnover": 286.6}, {"date": "2016-10-31", "turnover": 298.3}, {"date": "2016-11-30", "turnover": 337.6}, {"date": "2016-12-31", "turnover": 555.1}, {"date": "2017-01-31", "turnover": 283.7}, {"date": "2017-02-28", "turnover": 211.5}]}, {"state": "NT", "data": [{"date": "2016-05-31", "turnover": null}, {"date": "2016-06-30", "turnover": null}, {"date": "2016-07-31", "turnover": null}, {"date": "2016-08-31", "turnover": null}, {"date": "2016-09-30", "turnover": null}, {"date": "2016-10-31", "turnover": null}, {"date": "2016-11-30", "turnover": null}, {"date": "2016-12-31", "turnover": null}, {"date": "2017-01-31", "turnover": null}, {"date": "2017-02-28", "turnover": null}]}]}, {"category": "CafesRestaurantsAndTakeawayFood", "regional_data": [{"state": "AUS", "data": [{"date": "2016-05-31", "turnover": 3431.0}, {"date": "2016-06-30", "turnover": 3313.9}, {"date": "2016-07-31", "turnover": 3573.0}, {"date": "2016-08-31", "turnover": 3647.5}, {"date": "2016-09-30", "turnover": 3696.3}, {"date": "2016-10-31", "turnover": 3716.6}, {"date": "2016-11-30", "turnover": 3678.5}, {"date": "2016-12-31", "turnover": 4047.3}, {"date": "2017-01-31", "turnover": 3621.4}, {"date": "2017-02-28", "turnover": 3260.6}]}, {"state": "NSW", "data": [{"date": "2016-05-31", "turnover": 1155.1}, {"date": "2016-06-30", "turnover": 1110.2}, {"date": "2016-07-31", "turnover": 1207.4}, {"date": "2016-08-31", "turnover": 1224.0}, {"date": "2016-09-30", "turnover": 1261.4}, {"date": "2016-10-31", "turnover": 1271.6}, {"date": "2016-11-30", "turnover": 1265.9}, {"date": "2016-12-31", "turnover": 1408.2}, {"date": "2017-01-31", "turnover": 1256.6}, {"date": "2017-02-28", "turnover": 1137.7}]}, {"state": "WA", "data": [{"date": "2016-05-31", "turnover": 422.0}, {"date": "2016-06-30", "turnover": 410.6}, {"date": "2016-07-31", "turnover": 436.4}, {"date": "2016-08-31", "turnover": 447.2}, {"date": "2016-09-30", "turnover": 448.5}, {"date": "2016-10-31", "turnover": 459.9}, {"date": "2016-11-30", "turnover": 447.2}, {"date": "2016-12-31", "turnover": 476.8}, {"date": "2017-01-31", "turnover": 440.4}, {"date": "2017-02-28", "turnover": 411.6}]}, {"state": "SA", "data": [{"date": "2016-05-31", "turnover": 187.1}, {"date": "2016-06-30", "turnover": 176.0}, {"date": "2016-07-31", "turnover": 185.4}, {"date": "2016-08-31", "turnover": 190.3}, {"date": "2016-09-30", "turnover": 189.5}, {"date": "2016-10-31", "turnover": 188.8}, {"date": "2016-11-30", "turnover": 191.7}, {"date": "2016-12-31", "turnover": 207.4}, {"date": "2017-01-31", "turnover": 192.1}, {"date": "2017-02-28", "turnover": 177.5}]}, {"state": "ACT", "data": [{"date": "2016-05-31", "turnover": 63.7}, {"date": "2016-06-30", "turnover": 62.1}, {"date": "2016-07-31", "turnover": 66.8}, {"date": "2016-08-31", "turnover": 70.5}, {"date": "2016-09-30", "turnover": 69.1}, {"date": "2016-10-31", "turnover": 66.6}, {"date": "2016-11-30", "turnover": 65.9}, {"date": "2016-12-31", "turnover": 68.3}, {"date": "2017-01-31", "turnover": 57.3}, {"date": "2017-02-28", "turnover": 61.6}]}, {"state": "VIC", "data": [{"date": "2016-05-31", "turnover": 808.9}, {"date": "2016-06-30", "turnover": 769.0}, {"date": "2016-07-31", "turnover": 828.7}, {"date": "2016-08-31", "turnover": 866.3}, {"date": "2016-09-30", "turnover": 878.3}, {"date": "2016-10-31", "turnover": 886.3}, {"date": "2016-11-30", "turnover": 879.5}, {"date": "2016-12-31", "turnover": 961.8}, {"date": "2017-01-31", "turnover": 861.4}, {"date": "2017-02-28", "turnover": 753.6}]}, {"state": "TAS", "data": [{"date": "2016-05-31", "turnover": 50.8}, {"date": "2016-06-30", "turnover": 46.1}, {"date": "2016-07-31", "turnover": 52.2}, {"date": "2016-08-31", "turnover": 51.5}, {"date": "2016-09-30", "turnover": 51.9}, {"date": "2016-10-31", "turnover": 52.7}, {"date": "2016-11-30", "turnover": 53.5}, {"date": "2016-12-31", "turnover": 61.0}, {"date": "2017-01-31", "turnover": 57.6}, {"date": "2017-02-28", "turnover": 50.7}]}, {"state": "QLD", "data": [{"date": "2016-05-31", "turnover": 704.0}, {"date": "2016-06-30", "turnover": 700.3}, {"date": "2016-07-31", "turnover": 753.7}, {"date": "2016-08-31", "turnover": 752.3}, {"date": "2016-09-30", "turnover": 756.1}, {"date": "2016-10-31", "turnover": 749.3}, {"date": "2016-11-30", "turnover": 733.2}, {"date": "2016-12-31", "turnover": 822.5}, {"date": "2017-01-31", "turnover": 721.5}, {"date": "2017-02-28", "turnover": 630.8}]}, {"state": "NT", "data": [{"date": "2016-05-31", "turnover": 39.2}, {"date": "2016-06-30", "turnover": 39.7}, {"date": "2016-07-31", "turnover": 42.5}, {"date": "2016-08-31", "turnover": 45.4}, {"date": "2016-09-30", "turnover": 41.4}, {"date": "2016-10-31", "turnover": 41.5}, {"date": "2016-11-30", "turnover": 41.6}, {"date": "2016-12-31", "turnover": 41.3}, {"date": "2017-01-31", "turnover": 34.3}, {"date": "2017-02-28", "turnover": 37.1}]}]}, {"category": "Other", "regional_data": [{"state": "AUS", "data": [{"date": "2016-05-31", "turnover": 3428.5}, {"date": "2016-06-30", "turnover": 3414.4}, {"date": "2016-07-31", "turnover": 3492.7}, {"date": "2016-08-31", "turnover": 3562.3}, {"date": "2016-09-30", "turnover": 3602.3}, {"date": "2016-10-31", "turnover": 3643.2}, {"date": "2016-11-30", "turnover": 4051.1}, {"date": "2016-12-31", "turnover": 4859.6}, {"date": "2017-01-31", "turnover": 3421.5}, {"date": "2017-02-28", "turnover": 3230.8}]}, {"state": "NSW", "data": [{"date": "2016-05-31", "turnover": 1110.9}, {"date": "2016-06-30", "turnover": 1065.4}, {"date": "2016-07-31", "turnover": 1105.9}, {"date": "2016-08-31", "turnover": 1109.6}, {"date": "2016-09-30", "turnover": 1117.7}, {"date": "2016-10-31", "turnover": 1144.0}, {"date": "2016-11-30", "turnover": 1341.6}, {"date": "2016-12-31", "turnover": 1509.4}, {"date": "2017-01-31", "turnover": 1068.0}, {"date": "2017-02-28", "turnover": 1004.6}]}, {"state": "WA", "data": [{"date": "2016-05-31", "turnover": 360.7}, {"date": "2016-06-30", "turnover": 353.9}, {"date": "2016-07-31", "turnover": 362.0}, {"date": "2016-08-31", "turnover": 369.5}, {"date": "2016-09-30", "turnover": 372.5}, {"date": "2016-10-31", "turnover": 376.2}, {"date": "2016-11-30", "turnover": 405.3}, {"date": "2016-12-31", "turnover": 528.0}, {"date": "2017-01-31", "turnover": 365.0}, {"date": "2017-02-28", "turnover": 333.7}]}, {"state": "SA", "data": [{"date": "2016-05-31", "turnover": 245.6}, {"date": "2016-06-30", "turnover": 244.9}, {"date": "2016-07-31", "turnover": 262.5}, {"date": "2016-08-31", "turnover": 264.6}, {"date": "2016-09-30", "turnover": 265.8}, {"date": "2016-10-31", "turnover": 263.7}, {"date": "2016-11-30", "turnover": 277.7}, {"date": "2016-12-31", "turnover": 336.0}, {"date": "2017-01-31", "turnover": 247.7}, {"date": "2017-02-28", "turnover": 235.5}]}, {"state": "ACT", "data": [{"date": "2016-05-31", "turnover": 44.1}, {"date": "2016-06-30", "turnover": 40.5}, {"date": "2016-07-31", "turnover": 45.4}, {"date": "2016-08-31", "turnover": 45.8}, {"date": "2016-09-30", "turnover": 45.4}, {"date": "2016-10-31", "turnover": 46.7}, {"date": "2016-11-30", "turnover": 52.1}, {"date": "2016-12-31", "turnover": 67.4}, {"date": "2017-01-31", "turnover": 45.0}, {"date": "2017-02-28", "turnover": 44.8}]}, {"state": "VIC", "data": [{"date": "2016-05-31", "turnover": 908.6}, {"date": "2016-06-30", "turnover": 929.6}, {"date": "2016-07-31", "turnover": 901.5}, {"date": "2016-08-31", "turnover": 929.8}, {"date": "2016-09-30", "turnover": 962.1}, {"date": "2016-10-31", "turnover": 969.8}, {"date": "2016-11-30", "turnover": 1068.2}, {"date": "2016-12-31", "turnover": 1320.2}, {"date": "2017-01-31", "turnover": 907.6}, {"date": "2017-02-28", "turnover": 861.5}]}, {"state": "TAS", "data": [{"date": "2016-05-31", "turnover": null}, {"date": "2016-06-30", "turnover": null}, {"date": "2016-07-31", "turnover": null}, {"date": "2016-08-31", "turnover": null}, {"date": "2016-09-30", "turnover": null}, {"date": "2016-10-31", "turnover": null}, {"date": "2016-11-30", "turnover": null}, {"date": "2016-12-31", "turnover": null}, {"date": "2017-01-31", "turnover": null}, {"date": "2017-02-28", "turnover": null}]}, {"state": "QLD", "data": [{"date": "2016-05-31", "turnover": 650.6}, {"date": "2016-06-30", "turnover": 672.8}, {"date": "2016-07-31", "turnover": 698.9}, {"date": "2016-08-31", "turnover": 728.7}, {"date": "2016-09-30", "turnover": 722.6}, {"date": "2016-10-31", "turnover": 732.1}, {"date": "2016-11-30", "turnover": 793.6}, {"date": "2016-12-31", "turnover": 950.5}, {"date": "2017-01-31", "turnover": 684.1}, {"date": "2017-02-28", "turnover": 652.6}]}, {"state": "NT", "data": [{"date": "2016-05-31", "turnover": null}, {"date": "2016-06-30", "turnover": null}, {"date": "2016-07-31", "turnover": null}, {"date": "2016-08-31", "turnover": null}, {"date": "2016-09-30", "turnover": null}, {"date": "2016-10-31", "turnover": null}, {"date": "2016-11-30", "turnover": null}, {"date": "2016-12-31", "turnover": null}, {"date": "2017-01-31", "turnover": null}, {"date": "2017-02-28", "turnover": null}]}]}]}