{"Header": null, "MonthlyRetailData": [{"category": "Total", "regional_data": [{"state": "AUS", "data": [{"date": "2016-05-31", "turnover": 24143.5}, {"date": "2016-06-30", "turnover": 24165.3}, {"date": "2016-07-31", "turnover": 24563.7}, {"date": "2016-08-31", "turnover": 24591.3}, {"date": "2016-09-30", "turnover": 25063.6}, {"date": "2016-10-31", "turnover": 25974.6}, {"date": "2016-11-30", "turnover": 26781.1}, {"date": "2016-12-31", "turnover": 33100.2}, {"date": "2017-01-31", "turnover": 25306.2}, {"date": "2017-02-28", "turnover": 22615.0}]}]}, {"category": "Food", "regional_data": [{"state": "AUS", "data": [{"date": "2016-05-31", "turnover": 9815.2}, {"date": "2016-06-30", "turnover": 9516.5}, {"date": "2016-07-31", "turnover": 9928.5}, {"date": "2016-08-31", "turnover": 10041.9}, {"date": "2016-09-30", "turnover": 10005.7}, {"date": "2016-10-31", "turnover": 10482.6}, {"date": "2016-11-30", "turnover": 10435.7}, {"date": "2016-12-31", "turnover": 12230.1}, {"date": "2017-01-31", "turnover": 10431.5}, {"date": "2017-02-28", "turnover": 9574.6}]}]}, {"category": "HouseholdGood", "regional_data": [{"state": "AUS", "data": [{"date": "2016-05-31", "turnover": 4092.5}, {"date": "2016-06-30", "turnover": 4357.3}, {"date": "2016-07-31", "turnover": 4225.1}, {"date": "2016-08-31", "turnover": 4239.4}, {"date": "2016-09-30", "turnover": 4469.0}, {"date": "2016-10-31", "turnover": 4696.8}, {"date": "2016-11-30", "turnover": 4874.4}, {"date": "2016-12-31", "turnover": 5782.3}, {"date": "2017-01-31", "turnover": 4463.5}, {"date": "2017-02-28", "turnover": 3897.6}]}]}, {"category": "ClothingFootwareAndPersonalAccessory", "regional_data": [{"state": "AUS", "data": [{"date": "2016-05-31", "turnover": 1926.7}, {"date": "2016-06-30", "turnover": 1967.1}, {"date": "2016-07-31", "turnover": 1876.1}, {"date": "2016-08-31", "turnover": 1806.3}, {"date": "2016-09-30", "turnover": 1896.8}, {"date": "2016-10-31", "turnover": 1937.8}, {"date": "2016-11-30", "turnover": 2057.1}, {"date": "2016-12-31", "turnover": 3330.5}, {"date": "2017-01-31", "turnover": 1939.7}, {"date": "2017-02-28", "turnover": 1558.9}]}]}, {"category": "DepartmentStores", "regional_data": [{"state": "AUS", "data": [{"date": "2016-05-31", "turnover": 1449.7}, {"date": "2016-06-30", "turnover": 1596.1}, {"date": "2016-07-31", "turnover": 1468.3}, {"date": "2016-08-31", "turnover": 1293.9}, {"date": "2016-09-30", "turnover": 1393.5}, {"date": "2016-10-31", "turnover": 1497.4}, {"date": "2016-11-30", "turnover": 1684.3}, {"date": "2016-12-31", "turnover": 2850.4}, {"date": "2017-01-31", "turnover": 1428.5}, {"date": "2017-02-28", "turnover": 1092.4}]}]}, {"category": "CafesRestaurantsAndTakeawayFood", "regional_data": [{"state": "AUS", "data": [{"date": "2016-05-31", "turnover": 3431.0}, {"date": "2016-06-30", "turnover": 3313.9}, {"date": "2016-07-31", "turnover": 3573.0}, {"date": "2016-08-31", "turnover": 3647.5}, {"date": "2016-09-30", "turnover": 3696.3}, {"date": "2016-10-31", "turnover": 3716.6}, {"date": "2016-11-30", "turnover": 3678.5}, {"date": "2016-12-31", "turnover": 4047.3}, {"date": "2017-01-31", "turnover": 3621.4}, {"date": "2017-02-28", "turnover": 3260.6}]}]}, {"category": "Other", "regional_data": [{"state": "AUS", "data": [{"date": "2016-05-31", "turnover": 3428.5}, {"date": "2016-06-30", "turnover": 3414.4}, {"date": "2016-07-31", "turnover": 3492.7}, {"date": "2016-08-31", "turnover": 3562.3}, {"date": "2016-09-30", "turnover": 3602.3}, {"date": "2016-10-31", "turnover": 3643.2}, {"date": "2016-11-30", "turnover": 4051.1}, {"date": "2016-12-31", "turnover": 4859.6}, {"date": "2017-01-31", "turnover": 3421.5}, {"date": "2017-02-28", "turnover": 3230.8}]}]}]}