{"Header": null, "MonthlyRetailData": [{"category": "Total", "regional_data": [{"state": "AUS", "data": [{"date": "2010-03-31", "turnover": 19490.3}, {"date": "2010-04-30", "turnover": 19032.0}, {"date": "2010-05-31", "turnover": 19533.6}, {"date": "2010-06-30", "turnover": 19339.1}, {"date": "2010-07-31", "turnover": 20231.6}, {"date": "2010-08-31", "turnover": 19860.8}, {"date": "2010-09-30", "turnover": 19916.3}, {"date": "2010-10-31", "turnover": 20575.4}, {"date": "2010-11-30", "turnover": 21163.7}, {"date": "2010-12-31", "turnover": 26599.2}, {"date": "2011-01-31", "turnover": 20063.7}, {"date": "2011-02-28", "turnover": 18079.3}]}, {"state": "NSW", "data": [{"date": "2010-03-31", "turnover": 6038.6}, {"date": "2010-04-30", "turnover": 5846.5}, {"date": "2010-05-31", "turnover": 6087.5}, {"date": "2010-06-30", "turnover": 6005.4}, {"date": "2010-07-31", "turnover": 6215.9}, {"date": "2010-08-31", "turnover": 6144.2}, {"date": "2010-09-30", "turnover": 6174.6}, {"date": "2010-10-31", "turnover": 6333.6}, {"date": "2010-11-30", "turnover": 6621.3}, {"date": "2010-12-31", "turnover": 8387.7}, {"date": "2011-01-31", "turnover": 6343.8}, {"date": "2011-02-28", "turnover": 5614.9}]}, {"state": "WA", "data": [{"date": "2010-03-31", "turnover": 2135.8}, {"date": "2010-04-30", "turnover": 2104.1}, {"date": "2010-05-31", "turnover": 2133.7}, {"date": "2010-06-30", "turnover": 2095.4}, {"date": "2010-07-31", "turnover": 2179.7}, {"date": "2010-08-31", "turnover": 2132.5}, {"date": "2010-09-30", "turnover": 2170.8}, {"date": "2010-10-31", "turnover": 2256.8}, {"date": "2010-11-30", "turnover": 2281.2}, {"date": "2010-12-31", "turnover": 2849.9}, {"date": "2011-01-31", "turnover": 2221.6}, {"date": "2011-02-28", "turnover": 2040.2}]}, {"state": "SA", "data": [{"date": "2010-03-31", "turnover": 1440.5}, {"date": "2010-04-30", "turnover": 1403.2}, {"date": "2010-05-31", "turnover": 1417.9}, {"date": "2010-06-30", "turnover": 1398.0}, {"date": "2010-07-31", "turnover": 1449.5}, {"date": "2010-08-31", "turnover": 1398.9}, {"date": "2010-09-30", "turnover": 1396.5}, {"date": "2010-10-31", "turnover": 1475.4}, {"date": "2010-11-30", "turnover": 1494.5}, {"date": "2010-12-31", "turnover": 1846.1}, {"date": "2011-01-31", "turnover": 1423.4}, {"date": "2011-02-28", "turnover": 1272.1}]}, {"state": "ACT", "data": [{"date": "2010-03-31", "turnover": 374.9}, {"date": "2010-04-30", "turnover": 364.1}, {"date": "2010-05-31", "turnover": 374.5}, {"date": "2010-06-30", "turnover": 373.2}, {"date": "2010-07-31", "turnover": 368.6}, {"date": "2010-08-31", "turnover": 364.9}, {"date": "2010-09-30", "turnover": 362.6}, {"date": "2010-10-31", "turnover": 387.9}, {"date": "2010-11-30", "turnover": 399.3}, {"date": "2010-12-31", "turnover": 489.9}, {"date": "2011-01-31", "turnover": 378.6}, {"date": "2011-02-28", "turnover": 343.2}]}, {"state": "VIC", "data": [{"date": "2010-03-31", "turnover": 4918.8}, {"date": "2010-04-30", "turnover": 4847.3}, {"date": "2010-05-31", "turnover": 4944.4}, {"date": "2010-06-30", "turnover": 4896.5}, {"date": "2010-07-31", "turnover": 5095.4}, {"date": "2010-08-31", "turnover": 5016.8}, {"date": "2010-09-30", "turnover": 5041.3}, {"date": "2010-10-31", "turnover": 5262.2}, {"date": "2010-11-30", "turnover": 5437.4}, {"date": "2010-12-31", "turnover": 6952.0}, {"date": "2011-01-31", "turnover": 5007.6}, {"date": "2011-02-28", "turnover": 4513.7}]}, {"state": "TAS", "data": [{"date": "2010-03-31", "turnover": 442.0}, {"date": "2010-04-30", "turnover": 421.0}, {"date": "2010-05-31", "turnover": 422.3}, {"date": "2010-06-30", "turnover": 406.7}, {"date": "2010-07-31", "turnover": 427.4}, {"date": "2010-08-31", "turnover": 414.2}, {"date": "2010-09-30", "turnover": 411.9}, {"date": "2010-10-31", "turnover": 438.9}, {"date": "2010-11-30", "turnover": 451.2}, {"date": "2010-12-31", "turnover": 559.3}, {"date": "2011-01-31", "turnover": 415.1}, {"date": "2011-02-28", "turnover": 394.9}]}, {"state": "QLD", "data": [{"date": "2010-03-31", "turnover": 3925.1}, {"date": "2010-04-30", "turnover": 3829.7}, {"date": "2010-05-31", "turnover": 3927.7}, {"date": "2010-06-30", "turnover": 3933.1}, {"date": "2010-07-31", "turnover": 4242.8}, {"date": "2010-08-31", "turnover": 4145.1}, {"date": "2010-09-30", "turnover": 4123.5}, {"date": "2010-10-31", "turnover": 4197.5}, {"date": "2010-11-30", "turnover": 4263.7}, {"date": "2010-12-31", "turnover": 5270.5}, {"date": "2011-01-31", "turnover": 4074.3}, {"date": "2011-02-28", "turnover": 3705.4}]}, {"state": "NT", "data": [{"date": "2010-03-31", "turnover": 214.6}, {"date": "2010-04-30", "turnover": 216.0}, {"date": "2010-05-31", "turnover": 225.4}, {"date": "2010-06-30", "turnover": 230.9}, {"date": "2010-07-31", "turnover": 252.5}, {"date": "2010-08-31", "turnover": 244.3}, {"date": "2010-09-30", "turnover": 235.2}, {"date": "2010-10-31", "turnover": 223.0}, {"date": "2010-11-30", "turnover": 215.1}, {"date": "2010-12-31", "turnover": 243.8}, {"date": "2011-01-31", "turnover": 199.4}, {"date": "2011-02-28", "turnover": 194.9}]}]}, {"category": "Food", "regional_data": [{"state": "AUS", "data": [{"date": "2010-03-31", "turnover": 8017.8}, {"date": "2010-04-30", "turnover": 7835.6}, {"date": "2010-05-31", "turnover": 7887.6}, {"date": "2010-06-30", "turnover": 7527.9}, {"date": "2010-07-31", "turnover": 8044.4}, {"date": "2010-08-31", "turnover": 7924.7}, {"date": "2010-09-30", "turnover": 7855.4}, {"date": "2010-10-31", "turnover": 8239.5}, {"date": "2010-11-30", "turnover": 8288.1}, {"date": "2010-12-31", "turnover": 9491.8}, {"date": "2011-01-31", "turnover": 8403.6}, {"date": "2011-02-28", "turnover": 7649.6}]}, {"state": "NSW", "data": [{"date": "2010-03-31", "turnover": 2469.8}, {"date": "2010-04-30", "turnover": 2387.7}, {"date": "2010-05-31", "turnover": 2426.5}, {"date": "2010-06-30", "turnover": 2300.1}, {"date": "2010-07-31", "turnover": 2441.2}, {"date": "2010-08-31", "turnover": 2429.0}, {"date": "2010-09-30", "turnover": 2411.6}, {"date": "2010-10-31", "turnover": 2529.0}, {"date": "2010-11-30", "turnover": 2612.4}, {"date": "2010-12-31", "turnover": 2991.9}, {"date": "2011-01-31", "turnover": 2613.1}, {"date": "2011-02-28", "turnover": 2365.2}]}, {"state": "WA", "data": [{"date": "2010-03-31", "turnover": 901.0}, {"date": "2010-04-30", "turnover": 898.5}, {"date": "2010-05-31", "turnover": 899.3}, {"date": "2010-06-30", "turnover": 861.8}, {"date": "2010-07-31", "turnover": 897.8}, {"date": "2010-08-31", "turnover": 878.8}, {"date": "2010-09-30", "turnover": 883.7}, {"date": "2010-10-31", "turnover": 901.2}, {"date": "2010-11-30", "turnover": 900.7}, {"date": "2010-12-31", "turnover": 1046.5}, {"date": "2011-01-31", "turnover": 923.6}, {"date": "2011-02-28", "turnover": 876.2}]}, {"state": "SA", "data": [{"date": "2010-03-31", "turnover": 590.0}, {"date": "2010-04-30", "turnover": 578.2}, {"date": "2010-05-31", "turnover": 572.1}, {"date": "2010-06-30", "turnover": 555.1}, {"date": "2010-07-31", "turnover": 591.6}, {"date": "2010-08-31", "turnover": 580.8}, {"date": "2010-09-30", "turnover": 572.8}, {"date": "2010-10-31", "turnover": 605.4}, {"date": "2010-11-30", "turnover": 581.3}, {"date": "2010-12-31", "turnover": 679.3}, {"date": "2011-01-31", "turnover": 603.1}, {"date": "2011-02-28", "turnover": 549.0}]}, {"state": "ACT", "data": [{"date": "2010-03-31", "turnover": 153.4}, {"date": "2010-04-30", "turnover": 149.7}, {"date": "2010-05-31", "turnover": 156.7}, {"date": "2010-06-30", "turnover": 147.1}, {"date": "2010-07-31", "turnover": 154.9}, {"date": "2010-08-31", "turnover": 155.1}, {"date": "2010-09-30", "turnover": 152.2}, {"date": "2010-10-31", "turnover": 161.1}, {"date": "2010-11-30", "turnover": 160.4}, {"date": "2010-12-31", "turnover": 176.8}, {"date": "2011-01-31", "turnover": 160.3}, {"date": "2011-02-28", "turnover": 152.6}]}, {"state": "VIC", "data": [{"date": "2010-03-31", "turnover": 1926.8}, {"date": "2010-04-30", "turnover": 1865.7}, {"date": "2010-05-31", "turnover": 1871.0}, {"date": "2010-06-30", "turnover": 1773.6}, {"date": "2010-07-31", "turnover": 1897.5}, {"date": "2010-08-31", "turnover": 1867.4}, {"date": "2010-09-30", "turnover": 1856.6}, {"date": "2010-10-31", "turnover": 1996.1}, {"date": "2010-11-30", "turnover": 2023.8}, {"date": "2010-12-31", "turnover": 2322.8}, {"date": "2011-01-31", "turnover": 2022.5}, {"date": "2011-02-28", "turnover": 1826.9}]}, {"state": "TAS", "data": [{"date": "2010-03-31", "turnover": 188.4}, {"date": "2010-04-30", "turnover": 178.8}, {"date": "2010-05-31", "turnover": 175.6}, {"date": "2010-06-30", "turnover": 167.4}, {"date": "2010-07-31", "turnover": 181.6}, {"date": "2010-08-31", "turnover": 173.4}, {"date": "2010-09-30", "turnover": 176.0}, {"date": "2010-10-31", "turnover": 185.9}, {"date": "2010-11-30", "turnover": 182.8}, {"date": "2010-12-31", "turnover": 214.5}, {"date": "2011-01-31", "turnover": 186.3}, {"date": "2011-02-28", "turnover": 175.1}]}, {"state": "QLD", "data": [{"date": "2010-03-31", "turnover": 1694.6}, {"date": "2010-04-30", "turnover": 1681.5}, {"date": "2010-05-31", "turnover": 1688.6}, {"date": "2010-06-30", "turnover": 1624.8}, {"date": "2010-07-31", "turnover": 1769.1}, {"date": "2010-08-31", "turnover": 1735.6}, {"date": "2010-09-30", "turnover": 1705.4}, {"date": "2010-10-31", "turnover": 1767.4}, {"date": "2010-11-30", "turnover": 1739.9}, {"date": "2010-12-31", "turnover": 1967.2}, {"date": "2011-01-31", "turnover": 1806.0}, {"date": "2011-02-28", "turnover": 1622.3}]}, {"state": "NT", "data": [{"date": "2010-03-31", "turnover": 94.0}, {"date": "2010-04-30", "turnover": 95.6}, {"date": "2010-05-31", "turnover": 97.8}, {"date": "2010-06-30", "turnover": 97.9}, {"date": "2010-07-31", "turnover": 110.7}, {"date": "2010-08-31", "turnover": 104.5}, {"date": "2010-09-30", "turnover": 97.1}, {"date": "2010-10-31", "turnover": 93.2}, {"date": "2010-11-30", "turnover": 86.8}, {"date": "2010-12-31", "turnover": 92.9}, {"date": "2011-01-31", "turnover": 88.8}, {"date": "2011-02-28", "turnover": 82.3}]}]}, {"category": "HouseholdGood", "regional_data": [{"state": "AUS", "data": [{"date": "2010-03-31", "turnover": 3322.8}, {"date": "2010-04-30", "turnover": 3213.8}, {"date": "2010-05-31", "turnover": 3360.1}, {"date": "2010-06-30", "turnover": 3591.7}, {"date": "2010-07-31", "turnover": 3480.7}, {"date": "2010-08-31", "turnover": 3497.8}, {"date": "2010-09-30", "turnover": 3476.1}, {"date": "2010-10-31", "turnover": 3692.1}, {"date": "2010-11-30", "turnover": 3831.0}, {"date": "2010-12-31", "turnover": 4839.5}, {"date": "2011-01-31", "turnover": 3458.3}, {"date": "2011-02-28", "turnover": 3065.6}]}, {"state": "NSW", "data": [{"date": "2010-03-31", "turnover": 1028.6}, {"date": "2010-04-30", "turnover": 994.3}, {"date": "2010-05-31", "turnover": 1068.1}, {"date": "2010-06-30", "turnover": 1131.2}, {"date": "2010-07-31", "turnover": 1086.3}, {"date": "2010-08-31", "turnover": 1103.4}, {"date": "2010-09-30", "turnover": 1085.5}, {"date": "2010-10-31", "turnover": 1132.9}, {"date": "2010-11-30", "turnover": 1170.0}, {"date": "2010-12-31", "turnover": 1474.0}, {"date": "2011-01-31", "turnover": 1068.6}, {"date": "2011-02-28", "turnover": 936.8}]}, {"state": "WA", "data": [{"date": "2010-03-31", "turnover": 363.1}, {"date": "2010-04-30", "turnover": 351.4}, {"date": "2010-05-31", "turnover": 358.8}, {"date": "2010-06-30", "turnover": 377.3}, {"date": "2010-07-31", "turnover": 379.4}, {"date": "2010-08-31", "turnover": 369.7}, {"date": "2010-09-30", "turnover": 373.9}, {"date": "2010-10-31", "turnover": 426.3}, {"date": "2010-11-30", "turnover": 427.8}, {"date": "2010-12-31", "turnover": 543.7}, {"date": "2011-01-31", "turnover": 405.1}, {"date": "2011-02-28", "turnover": 363.4}]}, {"state": "SA", "data": [{"date": "2010-03-31", "turnover": 262.2}, {"date": "2010-04-30", "turnover": 257.9}, {"date": "2010-05-31", "turnover": 263.7}, {"date": "2010-06-30", "turnover": 270.0}, {"date": "2010-07-31", "turnover": 262.3}, {"date": "2010-08-31", "turnover": 259.4}, {"date": "2010-09-30", "turnover": 260.4}, {"date": "2010-10-31", "turnover": 282.6}, {"date": "2010-11-30", "turnover": 296.6}, {"date": "2010-12-31", "turnover": 362.8}, {"date": "2011-01-31", "turnover": 270.9}, {"date": "2011-02-28", "turnover": 229.3}]}, {"state": "ACT", "data": [{"date": "2010-03-31", "turnover": 71.9}, {"date": "2010-04-30", "turnover": 65.2}, {"date": "2010-05-31", "turnover": 65.6}, {"date": "2010-06-30", "turnover": 75.6}, {"date": "2010-07-31", "turnover": 69.3}, {"date": "2010-08-31", "turnover": 70.3}, {"date": "2010-09-30", "turnover": 70.4}, {"date": "2010-10-31", "turnover": 83.3}, {"date": "2010-11-30", "turnover": 85.6}, {"date": "2010-12-31", "turnover": 106.7}, {"date": "2011-01-31", "turnover": 85.3}, {"date": "2011-02-28", "turnover": 65.6}]}, {"state": "VIC", "data": [{"date": "2010-03-31", "turnover": 814.8}, {"date": "2010-04-30", "turnover": 792.9}, {"date": "2010-05-31", "turnover": 822.2}, {"date": "2010-06-30", "turnover": 899.6}, {"date": "2010-07-31", "turnover": 867.4}, {"date": "2010-08-31", "turnover": 862.5}, {"date": "2010-09-30", "turnover": 872.5}, {"date": "2010-10-31", "turnover": 944.0}, {"date": "2010-11-30", "turnover": 980.7}, {"date": "2010-12-31", "turnover": 1271.1}, {"date": "2011-01-31", "turnover": 847.9}, {"date": "2011-02-28", "turnover": 748.3}]}, {"state": "TAS", "data": [{"date": "2010-03-31", "turnover": 86.7}, {"date": "2010-04-30", "turnover": 84.2}, {"date": "2010-05-31", "turnover": 87.4}, {"date": "2010-06-30", "turnover": 88.3}, {"date": "2010-07-31", "turnover": 85.2}, {"date": "2010-08-31", "turnover": 88.5}, {"date": "2010-09-30", "turnover": 87.3}, {"date": "2010-10-31", "turnover": 91.5}, {"date": "2010-11-30", "turnover": 94.6}, {"date": "2010-12-31", "turnover": 112.7}, {"date": "2011-01-31", "turnover": 77.0}, {"date": "2011-02-28", "turnover": 74.3}]}, {"state": "QLD", "data": [{"date": "2010-03-31", "turnover": 653.7}, {"date": "2010-04-30", "turnover": 626.6}, {"date": "2010-05-31", "turnover": 651.1}, {"date": "2010-06-30", "turnover": 705.6}, {"date": "2010-07-31", "turnover": 686.6}, {"date": "2010-08-31", "turnover": 698.7}, {"date": "2010-09-30", "turnover": 681.3}, {"date": "2010-10-31", "turnover": 687.0}, {"date": "2010-11-30", "turnover": 731.8}, {"date": "2010-12-31", "turnover": 919.4}, {"date": "2011-01-31", "turnover": 664.6}, {"date": "2011-02-28", "turnover": 611.3}]}, {"state": "NT", "data": [{"date": "2010-03-31", "turnover": 41.8}, {"date": "2010-04-30", "turnover": 41.2}, {"date": "2010-05-31", "turnover": 43.1}, {"date": "2010-06-30", "turnover": 44.1}, {"date": "2010-07-31", "turnover": 44.3}, {"date": "2010-08-31", "turnover": 45.2}, {"date": "2010-09-30", "turnover": 44.7}, {"date": "2010-10-31", "turnover": 44.6}, {"date": "2010-11-30", "turnover": 43.8}, {"date": "2010-12-31", "turnover": 49.1}, {"date": "2011-01-31", "turnover": 39.0}, {"date": "2011-02-28", "turnover": 36.5}]}]}, {"category": "ClothingFootwareAndPersonalAccessory", "regional_data": [{"state": "AUS", "data": [{"date": "2010-03-31", "turnover": 1452.3}, {"date": "2010-04-30", "turnover": 1507.5}, {"date": "2010-05-31", "turnover": 1653.6}, {"date": "2010-06-30", "turnover": 1558.6}, {"date": "2010-07-31", "turnover": 1579.0}, {"date": "2010-08-31", "turnover": 1511.0}, {"date": "2010-09-30", "turnover": 1610.1}, {"date": "2010-10-31", "turnover": 1594.6}, {"date": "2010-11-30", "turnover": 1656.3}, {"date": "2010-12-31", "turnover": 2546.8}, {"date": "2011-01-31", "turnover": 1499.0}, {"date": "2011-02-28", "turnover": 1291.8}]}, {"state": "NSW", "data": [{"date": "2010-03-31", "turnover": 493.8}, {"date": "2010-04-30", "turnover": 508.3}, {"date": "2010-05-31", "turnover": 571.6}, {"date": "2010-06-30", "turnover": 527.4}, {"date": "2010-07-31", "turnover": 532.8}, {"date": "2010-08-31", "turnover": 506.8}, {"date": "2010-09-30", "turnover": 548.7}, {"date": "2010-10-31", "turnover": 500.4}, {"date": "2010-11-30", "turnover": 543.9}, {"date": "2010-12-31", "turnover": 883.3}, {"date": "2011-01-31", "turnover": 499.1}, {"date": "2011-02-28", "turnover": 418.3}]}, {"state": "WA", "data": [{"date": "2010-03-31", "turnover": 136.2}, {"date": "2010-04-30", "turnover": 144.2}, {"date": "2010-05-31", "turnover": 154.7}, {"date": "2010-06-30", "turnover": 143.5}, {"date": "2010-07-31", "turnover": 152.5}, {"date": "2010-08-31", "turnover": 141.8}, {"date": "2010-09-30", "turnover": 152.7}, {"date": "2010-10-31", "turnover": 163.0}, {"date": "2010-11-30", "turnover": 160.4}, {"date": "2010-12-31", "turnover": 246.5}, {"date": "2011-01-31", "turnover": 152.2}, {"date": "2011-02-28", "turnover": 130.3}]}, {"state": "SA", "data": [{"date": "2010-03-31", "turnover": 105.8}, {"date": "2010-04-30", "turnover": 105.5}, {"date": "2010-05-31", "turnover": 112.6}, {"date": "2010-06-30", "turnover": 102.8}, {"date": "2010-07-31", "turnover": 104.5}, {"date": "2010-08-31", "turnover": 99.5}, {"date": "2010-09-30", "turnover": 102.3}, {"date": "2010-10-31", "turnover": 111.3}, {"date": "2010-11-30", "turnover": 114.3}, {"date": "2010-12-31", "turnover": 151.9}, {"date": "2011-01-31", "turnover": 91.8}, {"date": "2011-02-28", "turnover": 82.7}]}, {"state": "ACT", "data": [{"date": "2010-03-31", "turnover": 28.2}, {"date": "2010-04-30", "turnover": 28.3}, {"date": "2010-05-31", "turnover": 29.3}, {"date": "2010-06-30", "turnover": 27.8}, {"date": "2010-07-31", "turnover": 27.3}, {"date": "2010-08-31", "turnover": 24.7}, {"date": "2010-09-30", "turnover": 26.1}, {"date": "2010-10-31", "turnover": 27.9}, {"date": "2010-11-30", "turnover": 30.1}, {"date": "2010-12-31", "turnover": 43.1}, {"date": "2011-01-31", "turnover": 27.2}, {"date": "2011-02-28", "turnover": 25.2}]}, {"state": "VIC", "data": [{"date": "2010-03-31", "turnover": 425.5}, {"date": "2010-04-30", "turnover": 446.9}, {"date": "2010-05-31", "turnover": 490.0}, {"date": "2010-06-30", "turnover": 461.3}, {"date": "2010-07-31", "turnover": 447.0}, {"date": "2010-08-31", "turnover": 430.6}, {"date": "2010-09-30", "turnover": 443.1}, {"date": "2010-10-31", "turnover": 462.5}, {"date": "2010-11-30", "turnover": 479.3}, {"date": "2010-12-31", "turnover": 730.8}, {"date": "2011-01-31", "turnover": 443.1}, {"date": "2011-02-28", "turnover": 379.4}]}, {"state": "TAS", "data": [{"date": "2010-03-31", "turnover": 23.2}, {"date": "2010-04-30", "turnover": 22.6}, {"date": "2010-05-31", "turnover": 22.2}, {"date": "2010-06-30", "turnover": 21.5}, {"date": "2010-07-31", "turnover": 22.3}, {"date": "2010-08-31", "turnover": 21.8}, {"date": "2010-09-30", "turnover": 22.2}, {"date": "2010-10-31", "turnover": 21.3}, {"date": "2010-11-30", "turnover": 23.7}, {"date": "2010-12-31", "turnover": 36.4}, {"date": "2011-01-31", "turnover": 20.7}, {"date": "2011-02-28", "turnover": 20.7}]}, {"state": "QLD", "data": [{"date": "2010-03-31", "turnover": 229.7}, {"date": "2010-04-30", "turnover": 241.3}, {"date": "2010-05-31", "turnover": 261.0}, {"date": "2010-06-30", "turnover": 261.4}, {"date": "2010-07-31", "turnover": 276.5}, {"date": "2010-08-31", "turnover": 271.9}, {"date": "2010-09-30", "turnover": 301.6}, {"date": "2010-10-31", "turnover": 295.7}, {"date": "2010-11-30", "turnover": 292.8}, {"date": "2010-12-31", "turnover": 437.0}, {"date": "2011-01-31", "turnover": 255.4}, {"date": "2011-02-28", "turnover": 226.4}]}, {"state": "NT", "data": [{"date": "2010-03-31", "turnover": 9.9}, {"date": "2010-04-30", "turnover": 10.2}, {"date": "2010-05-31", "turnover": 12.1}, {"date": "2010-06-30", "turnover": 12.8}, {"date": "2010-07-31", "turnover": 16.1}, {"date": "2010-08-31", "turnover": 13.8}, {"date": "2010-09-30", "turnover": 13.6}, {"date": "2010-10-31", "turnover": 12.3}, {"date": "2010-11-30", "turnover": 11.7}, {"date": "2010-12-31", "turnover": 17.9}, {"date": "2011-01-31", "turnover": 9.5}, {"date": "2011-02-28", "turnover": 8.8}]}]}, {"category": "DepartmentStores", "regional_data": [{"state": "AUS", "data": [{"date": "2010-03-31", "turnover": 1379.9}, {"date": "2010-04-30", "turnover": 1389.7}, {"date": "2010-05-31", "turnover": 1427.2}, {"date": "2010-06-30", "turnover": 1551.4}, {"date": "2010-07-31", "turnover": 1581.0}, {"date": "2010-08-31", "turnover": 1324.0}, {"date": "2010-09-30", "turnover": 1422.0}, {"date": "2010-10-31", "turnover": 1464.9}, {"date": "2010-11-30", "turnover": 1705.5}, {"date": "2010-12-31", "turnover": 2752.4}, {"date": "2011-01-31", "turnover": 1412.6}, {"date": "2011-02-28", "turnover": 1117.5}]}, {"state": "NSW", "data": [{"date": "2010-03-31", "turnover": 443.7}, {"date": "2010-04-30", "turnover": 447.4}, {"date": "2010-05-31", "turnover": 471.7}, {"date": "2010-06-30", "turnover": 512.6}, {"date": "2010-07-31", "turnover": 499.4}, {"date": "2010-08-31", "turnover": 419.6}, {"date": "2010-09-30", "turnover": 465.3}, {"date": "2010-10-31", "turnover": 470.4}, {"date": "2010-11-30", "turnover": 542.8}, {"date": "2010-12-31", "turnover": 887.5}, {"date": "2011-01-31", "turnover": 461.2}, {"date": "2011-02-28", "turnover": 345.4}]}, {"state": "WA", "data": [{"date": "2010-03-31", "turnover": 152.7}, {"date": "2010-04-30", "turnover": 160.9}, {"date": "2010-05-31", "turnover": 162.0}, {"date": "2010-06-30", "turnover": 171.8}, {"date": "2010-07-31", "turnover": 177.2}, {"date": "2010-08-31", "turnover": 146.1}, {"date": "2010-09-30", "turnover": 158.8}, {"date": "2010-10-31", "turnover": 166.3}, {"date": "2010-11-30", "turnover": 194.3}, {"date": "2010-12-31", "turnover": 310.3}, {"date": "2011-01-31", "turnover": 151.3}, {"date": "2011-02-28", "turnover": 127.2}]}, {"state": "SA", "data": [{"date": "2010-03-31", "turnover": 114.6}, {"date": "2010-04-30", "turnover": 114.9}, {"date": "2010-05-31", "turnover": 116.7}, {"date": "2010-06-30", "turnover": 125.5}, {"date": "2010-07-31", "turnover": 132.9}, {"date": "2010-08-31", "turnover": 107.8}, {"date": "2010-09-30", "turnover": 110.5}, {"date": "2010-10-31", "turnover": 118.3}, {"date": "2010-11-30", "turnover": 137.0}, {"date": "2010-12-31", "turnover": 211.3}, {"date": "2011-01-31", "turnover": 114.4}, {"date": "2011-02-28", "turnover": 91.3}]}, {"state": "ACT", "data": [{"date": "2010-03-31", "turnover": 29.2}, {"date": "2010-04-30", "turnover": 30.8}, {"date": "2010-05-31", "turnover": 29.7}, {"date": "2010-06-30", "turnover": 33.5}, {"date": "2010-07-31", "turnover": 29.8}, {"date": "2010-08-31", "turnover": 25.7}, {"date": "2010-09-30", "turnover": 27.8}, {"date": "2010-10-31", "turnover": 30.1}, {"date": "2010-11-30", "turnover": 34.8}, {"date": "2010-12-31", "turnover": 56.3}, {"date": "2011-01-31", "turnover": 29.5}, {"date": "2011-02-28", "turnover": 23.3}]}, {"state": "VIC", "data": [{"date": "2010-03-31", "turnover": 329.3}, {"date": "2010-04-30", "turnover": 333.7}, {"date": "2010-05-31", "turnover": 338.3}, {"date": "2010-06-30", "turnover": 363.8}, {"date": "2010-07-31", "turnover": 366.6}, {"date": "2010-08-31", "turnover": 311.8}, {"date": "2010-09-30", "turnover": 320.2}, {"date": "2010-10-31", "turnover": 343.1}, {"date": "2010-11-30", "turnover": 397.0}, {"date": "2010-12-31", "turnover": 661.3}, {"date": "2011-01-31", "turnover": 327.0}, {"date": "2011-02-28", "turnover": 266.1}]}, {"state": "TAS", "data": [{"date": "2010-03-31", "turnover": null}, {"date": "2010-04-30", "turnover": null}, {"date": "2010-05-31", "turnover": null}, {"date": "2010-06-30", "turnover": null}, {"date": "2010-07-31", "turnover": null}, {"date": "2010-08-31", "turnover": null}, {"date": "2010-09-30", "turnover": null}, {"date": "2010-10-31", "turnover": null}, {"date": "2010-11-30", "turnover": null}, {"date": "2010-12-31", "turnover": null}, {"date": "2011-01-31", "turnover": null}, {"date": "2011-02-28", "turnover": null}]}, {"state": "QLD", "data": [{"date": "2010-03-31", "turnover": 267.6}, {"date": "2010-04-30", "turnover": 259.7}, {"date": "2010-05-31", "turnover": 267.1}, {"date": "2010-06-30", "turnover": 302.3}, {"date": "2010-07-31", "turnover": 324.0}, {"date": "2010-08-31", "turnover": 270.5}, {"date": "2010-09-30", "turnover": 297.8}, {"date": "2010-10-31", "turnover": 293.9}, {"date": "2010-11-30", "turnover": 348.8}, {"date": "2010-12-31", "turnover": 546.7}, {"date": "2011-01-31", "turnover": 288.2}, {"date": "2011-02-28", "turnover": 229.0}]}, {"state": "NT", "data": [{"date": "2010-03-31", "turnover": null}, {"date": "2010-04-30", "turnover": null}, {"date": "2010-05-31", "turnover": null}, {"date": "2010-06-30", "turnover": null}, {"date": "2010-07-31", "turnover": null}, {"date": "2010-08-31", "turnover": null}, {"date": "2010-09-30", "turnover": null}, {"date": "2010-10-31", "turnover": null}, {"date": "2010-11-30", "turnover": null}, {"date": "2010-12-31", "turnover": null}, {"date": "2011-01-31", "turnover": null}, {"date": "2011-02-28", "turnover": null}]}]}, {"category": "CafesRestaurantsAndTakeawayFood", "regional_data": [{"state": "AUS", "data": [{"date": "2010-03-31", "turnover": 2607.5}, {"date": "2010-04-30", "turnover": 2535.8}, {"date": "2010-05-31", "turnover": 2571.4}, {"date": "2010-06-30", "turnover": 2504.9}, {"date": "2010-07-31", "turnover": 2781.3}, {"date": "2010-08-31", "turnover": 2800.0}, {"date": "2010-09-30", "turnover": 2742.8}, {"date": "2010-10-31", "turnover": 2730.2}, {"date": "2010-11-30", "turnover": 2684.4}, {"date": "2010-12-31", "turnover": 3021.1}, {"date": "2011-01-31", "turnover": 2598.2}, {"date": "2011-02-28", "turnover": 2391.3}]}, {"state": "NSW", "data": [{"date": "2010-03-31", "turnover": 835.6}, {"date": "2010-04-30", "turnover": 806.9}, {"date": "2010-05-31", "turnover": 815.8}, {"date": "2010-06-30", "turnover": 801.0}, {"date": "2010-07-31", "turnover": 891.9}, {"date": "2010-08-31", "turnover": 902.8}, {"date": "2010-09-30", "turnover": 888.5}, {"date": "2010-10-31", "turnover": 876.6}, {"date": "2010-11-30", "turnover": 871.3}, {"date": "2010-12-31", "turnover": 986.7}, {"date": "2011-01-31", "turnover": 878.0}, {"date": "2011-02-28", "turnover": 770.7}]}, {"state": "WA", "data": [{"date": "2010-03-31", "turnover": 306.5}, {"date": "2010-04-30", "turnover": 295.0}, {"date": "2010-05-31", "turnover": 298.9}, {"date": "2010-06-30", "turnover": 293.3}, {"date": "2010-07-31", "turnover": 310.8}, {"date": "2010-08-31", "turnover": 321.4}, {"date": "2010-09-30", "turnover": 321.6}, {"date": "2010-10-31", "turnover": 334.5}, {"date": "2010-11-30", "turnover": 326.0}, {"date": "2010-12-31", "turnover": 363.8}, {"date": "2011-01-31", "turnover": 322.9}, {"date": "2011-02-28", "turnover": 298.7}]}, {"state": "SA", "data": [{"date": "2010-03-31", "turnover": 153.9}, {"date": "2010-04-30", "turnover": 140.5}, {"date": "2010-05-31", "turnover": 144.8}, {"date": "2010-06-30", "turnover": 138.7}, {"date": "2010-07-31", "turnover": 150.5}, {"date": "2010-08-31", "turnover": 141.5}, {"date": "2010-09-30", "turnover": 141.9}, {"date": "2010-10-31", "turnover": 149.9}, {"date": "2010-11-30", "turnover": 150.2}, {"date": "2010-12-31", "turnover": 163.4}, {"date": "2011-01-31", "turnover": 143.9}, {"date": "2011-02-28", "turnover": 128.7}]}, {"state": "ACT", "data": [{"date": "2010-03-31", "turnover": 51.5}, {"date": "2010-04-30", "turnover": 50.0}, {"date": "2010-05-31", "turnover": 52.4}, {"date": "2010-06-30", "turnover": 50.8}, {"date": "2010-07-31", "turnover": 49.2}, {"date": "2010-08-31", "turnover": 49.6}, {"date": "2010-09-30", "turnover": 48.0}, {"date": "2010-10-31", "turnover": 46.6}, {"date": "2010-11-30", "turnover": 45.5}, {"date": "2010-12-31", "turnover": 47.7}, {"date": "2011-01-31", "turnover": 41.8}, {"date": "2011-02-28", "turnover": 42.3}]}, {"state": "VIC", "data": [{"date": "2010-03-31", "turnover": 704.2}, {"date": "2010-04-30", "turnover": 697.6}, {"date": "2010-05-31", "turnover": 692.0}, {"date": "2010-06-30", "turnover": 669.7}, {"date": "2010-07-31", "turnover": 724.2}, {"date": "2010-08-31", "turnover": 748.9}, {"date": "2010-09-30", "turnover": 735.8}, {"date": "2010-10-31", "turnover": 705.0}, {"date": "2010-11-30", "turnover": 693.9}, {"date": "2010-12-31", "turnover": 806.9}, {"date": "2011-01-31", "turnover": 649.4}, {"date": "2011-02-28", "turnover": 597.8}]}, {"state": "TAS", "data": [{"date": "2010-03-31", "turnover": 41.5}, {"date": "2010-04-30", "turnover": 43.1}, {"date": "2010-05-31", "turnover": 43.5}, {"date": "2010-06-30", "turnover": 40.6}, {"date": "2010-07-31", "turnover": 41.1}, {"date": "2010-08-31", "turnover": 42.2}, {"date": "2010-09-30", "turnover": 40.3}, {"date": "2010-10-31", "turnover": 44.3}, {"date": "2010-11-30", "turnover": 44.8}, {"date": "2010-12-31", "turnover": 47.2}, {"date": "2011-01-31", "turnover": 42.1}, {"date": "2011-02-28", "turnover": 41.3}]}, {"state": "QLD", "data": [{"date": "2010-03-31", "turnover": 484.0}, {"date": "2010-04-30", "turnover": 470.3}, {"date": "2010-05-31", "turnover": 489.8}, {"date": "2010-06-30", "turnover": 475.1}, {"date": "2010-07-31", "turnover": 575.5}, {"date": "2010-08-31", "turnover": 553.6}, {"date": "2010-09-30", "turnover": 527.5}, {"date": "2010-10-31", "turnover": 538.4}, {"date": "2010-11-30", "turnover": 518.6}, {"date": "2010-12-31", "turnover": 571.6}, {"date": "2011-01-31", "turnover": 490.4}, {"date": "2011-02-28", "turnover": 475.1}]}, {"state": "NT", "data": [{"date": "2010-03-31", "turnover": 30.4}, {"date": "2010-04-30", "turnover": 32.3}, {"date": "2010-05-31", "turnover": 34.2}, {"date": "2010-06-30", "turnover": 35.8}, {"date": "2010-07-31", "turnover": 38.1}, {"date": "2010-08-31", "turnover": 40.0}, {"date": "2010-09-30", "turnover": 39.2}, {"date": "2010-10-31", "turnover": 34.9}, {"date": "2010-11-30", "turnover": 34.3}, {"date": "2010-12-31", "turnover": 33.8}, {"date": "2011-01-31", "turnover": 29.8}, {"date": "2011-02-28", "turnover": 36.7}]}]}, {"category": "Other", "regional_data": [{"state": "AUS", "data": [{"date": "2010-03-31", "turnover": 2709.9}, {"date": "2010-04-30", "turnover": 2549.6}, {"date": "2010-05-31", "turnover": 2633.7}, {"date": "2010-06-30", "turnover": 2604.6}, {"date": "2010-07-31", "turnover": 2765.1}, {"date": "2010-08-31", "turnover": 2803.4}, {"date": "2010-09-30", "turnover": 2809.9}, {"date": "2010-10-31", "turnover": 2854.1}, {"date": "2010-11-30", "turnover": 2998.3}, {"date": "2010-12-31", "turnover": 3947.6}, {"date": "2011-01-31", "turnover": 2692.0}, {"date": "2011-02-28", "turnover": 2563.6}]}, {"state": "NSW", "data": [{"date": "2010-03-31", "turnover": 767.0}, {"date": "2010-04-30", "turnover": 701.9}, {"date": "2010-05-31", "turnover": 733.8}, {"date": "2010-06-30", "turnover": 733.1}, {"date": "2010-07-31", "turnover": 764.3}, {"date": "2010-08-31", "turnover": 782.6}, {"date": "2010-09-30", "turnover": 775.0}, {"date": "2010-10-31", "turnover": 824.2}, {"date": "2010-11-30", "turnover": 880.9}, {"date": "2010-12-31", "turnover": 1164.3}, {"date": "2011-01-31", "turnover": 823.9}, {"date": "2011-02-28", "turnover": 778.5}]}, {"state": "WA", "data": [{"date": "2010-03-31", "turnover": 276.3}, {"date": "2010-04-30", "turnover": 254.1}, {"date": "2010-05-31", "turnover": 260.0}, {"date": "2010-06-30", "turnover": 247.6}, {"date": "2010-07-31", "turnover": 261.8}, {"date": "2010-08-31", "turnover": 274.5}, {"date": "2010-09-30", "turnover": 280.1}, {"date": "2010-10-31", "turnover": 265.5}, {"date": "2010-11-30", "turnover": 272.0}, {"date": "2010-12-31", "turnover": 339.1}, {"date": "2011-01-31", "turnover": 266.5}, {"date": "2011-02-28", "turnover": 244.3}]}, {"state": "SA", "data": [{"date": "2010-03-31", "turnover": 214.2}, {"date": "2010-04-30", "turnover": 206.1}, {"date": "2010-05-31", "turnover": 208.0}, {"date": "2010-06-30", "turnover": 205.8}, {"date": "2010-07-31", "turnover": 207.8}, {"date": "2010-08-31", "turnover": 209.9}, {"date": "2010-09-30", "turnover": 208.6}, {"date": "2010-10-31", "turnover": 207.9}, {"date": "2010-11-30", "turnover": 215.1}, {"date": "2010-12-31", "turnover": 277.4}, {"date": "2011-01-31", "turnover": 199.3}, {"date": "2011-02-28", "turnover": 191.1}]}, {"state": "ACT", "data": [{"date": "2010-03-31", "turnover": 40.9}, {"date": "2010-04-30", "turnover": 40.0}, {"date": "2010-05-31", "turnover": 40.9}, {"date": "2010-06-30", "turnover": 38.3}, {"date": "2010-07-31", "turnover": 38.2}, {"date": "2010-08-31", "turnover": 39.4}, {"date": "2010-09-30", "turnover": 38.2}, {"date": "2010-10-31", "turnover": 38.8}, {"date": "2010-11-30", "turnover": 42.8}, {"date": "2010-12-31", "turnover": 59.3}, {"date": "2011-01-31", "turnover": 34.5}, {"date": "2011-02-28", "turnover": 34.2}]}, {"state": "VIC", "data": [{"date": "2010-03-31", "turnover": 718.3}, {"date": "2010-04-30", "turnover": 710.4}, {"date": "2010-05-31", "turnover": 730.9}, {"date": "2010-06-30", "turnover": 728.4}, {"date": "2010-07-31", "turnover": 792.7}, {"date": "2010-08-31", "turnover": 795.6}, {"date": "2010-09-30", "turnover": 813.1}, {"date": "2010-10-31", "turnover": 811.5}, {"date": "2010-11-30", "turnover": 862.7}, {"date": "2010-12-31", "turnover": 1159.0}, {"date": "2011-01-31", "turnover": 717.8}, {"date": "2011-02-28", "turnover": 695.2}]}, {"state": "TAS", "data": [{"date": "2010-03-31", "turnover": null}, {"date": "2010-04-30", "turnover": null}, {"date": "2010-05-31", "turnover": null}, {"date": "2010-06-30", "turnover": null}, {"date": "2010-07-31", "turnover": null}, {"date": "2010-08-31", "turnover": null}, {"date": "2010-09-30", "turnover": null}, {"date": "2010-10-31", "turnover": null}, {"date": "2010-11-30", "turnover": null}, {"date": "2010-12-31", "turnover": null}, {"date": "2011-01-31", "turnover": null}, {"date": "2011-02-28", "turnover": null}]}, {"state": "QLD", "data": [{"date": "2010-03-31", "turnover": 595.4}, {"date": "2010-04-30", "turnover": 550.4}, {"date": "2010-05-31", "turnover": 570.1}, {"date": "2010-06-30", "turnover": 564.0}, {"date": "2010-07-31", "turnover": 611.0}, {"date": "2010-08-31", "turnover": 614.7}, {"date": "2010-09-30", "turnover": 610.0}, {"date": "2010-10-31", "turnover": 615.2}, {"date": "2010-11-30", "turnover": 631.7}, {"date": "2010-12-31", "turnover": 828.6}, {"date": "2011-01-31", "turnover": 569.7}, {"date": "2011-02-28", "turnover": 541.3}]}, {"state": "NT", "data": [{"date": "2010-03-31", "turnover": null}, {"date": "2010-04-30", "turnover": null}, {"date": "2010-05-31", "turnover": null}, {"date": "2010-06-30", "turnover": null}, {"date": "2010-07-31", "turnover": null}, {"date": "2010-08-31", "turnover": null}, {"date": "2010-09-30", "turnover": null}, {"date": "2010-10-31", "turnover": null}, {"date": "2010-11-30", "turnover": null}, {"date": "2010-12-31", "turnover": null}, {"date": "2011-01-31", "turnover": null}, {"date": "2011-02-28", "turnover": null}]}]}]}