{"error": "The type you are requiring (ClothingAccessory) doesn't exist. You should choose from ['Food', 'HouseholdGood', 'Other', 'DepartmentStores', 'CafesRestaurantsAndTakeawayFood', 'ClothingFootwareAndPersonalAccessory', 'Total']"}