{"error": "Start date is invalid. Dates should be YYYY-MM-DD"}