{"error": "Results not found. ABS does not have the data for the requested dates."}