{"error": "You should choose the type and categories. Type is either Retail or MerchandiseExports"}