{"error": "Start date is invalid. There is no such date 2011-02-29."}