{"error": "End date is invalid. Dates should be YYYY-MM-DD"}