{"error": "End date is invalid. There is no such date 2011-12-32."}