{"data":{"code":3,"message":"cannot not parse the category [Total, FoodAndLiveAnimals, BeveragesAndTobacco, CrudeMaterialAndInedible, MineralFuelLubricantAndRelatedMaterial, AnimalAndVegetableOilFat, , ]"}}