{"data":{"code":6,"message":"cannot fetch data HTTP error, API down? or too many requests!"}}