{"data":{"code":4,"message":"cannot parse the state NZ"}}