{"data":{"code":2,"message":"cannot parse the statistics area Retails"}}