{"data":{"code":3,"message":"cannot not parse the category [Total, Food, HouseholdGood, ClothingFootwareAndPersonalAccessory, DepartmentStores, CafesRestaurantsAndTakeawayFood, Other]"}}