{"data":{"code":11,"message":"Date 2010-03-24 is after 1999-12-19"}}