{"data":{"code":3,"message":"cannot not parse the category [Total, Food, HouseholdGood, ClothingAccessory, DepartmentStores, CafesRestaurantsAndTakeawayFood, Other]"}}