{"Header": null, "MonthlyRetailData": [{"category": "Total", "regional_data": [{"state": "AUS", "data": [{"date": "2011-01-31", "turnover": 20063.7}, {"date": "2011-02-28", "turnover": 18079.3}, {"date": "2011-03-31", "turnover": 19933.8}, {"date": "2011-04-30", "turnover": 19833.0}, {"date": "2011-05-31", "turnover": 19888.1}, {"date": "2011-06-30", "turnover": 19738.3}, {"date": "2011-07-31", "turnover": 20419.6}, {"date": "2011-08-31", "turnover": 20388.3}, {"date": "2011-09-30", "turnover": 20475.9}, {"date": "2011-10-31", "turnover": 21183.4}, {"date": "2011-11-30", "turnover": 21864.2}, {"date": "2011-12-31", "turnover": 27425.4}]}, {"state": "NSW", "data": [{"date": "2011-01-31", "turnover": 6343.8}, {"date": "2011-02-28", "turnover": 5614.9}, {"date": "2011-03-31", "turnover": 6136.0}, {"date": "2011-04-30", "turnover": 6053.8}, {"date": "2011-05-31", "turnover": 6038.9}, {"date": "2011-06-30", "turnover": 5971.9}, {"date": "2011-07-31", "turnover": 6161.2}, {"date": "2011-08-31", "turnover": 6175.6}, {"date": "2011-09-30", "turnover": 6255.1}, {"date": "2011-10-31", "turnover": 6482.9}, {"date": "2011-11-30", "turnover": 6781.2}, {"date": "2011-12-31", "turnover": 8558.2}]}, {"state": "WA", "data": [{"date": "2011-01-31", "turnover": 2221.6}, {"date": "2011-02-28", "turnover": 2040.2}, {"date": "2011-03-31", "turnover": 2254.5}, {"date": "2011-04-30", "turnover": 2227.1}, {"date": "2011-05-31", "turnover": 2269.0}, {"date": "2011-06-30", "turnover": 2268.3}, {"date": "2011-07-31", "turnover": 2347.1}, {"date": "2011-08-31", "turnover": 2342.0}, {"date": "2011-09-30", "turnover": 2346.2}, {"date": "2011-10-31", "turnover": 2475.6}, {"date": "2011-11-30", "turnover": 2547.3}, {"date": "2011-12-31", "turnover": 3157.0}]}, {"state": "SA", "data": [{"date": "2011-01-31", "turnover": 1423.4}, {"date": "2011-02-28", "turnover": 1272.1}, {"date": "2011-03-31", "turnover": 1435.7}, {"date": "2011-04-30", "turnover": 1390.6}, {"date": "2011-05-31", "turnover": 1380.1}, {"date": "2011-06-30", "turnover": 1349.0}, {"date": "2011-07-31", "turnover": 1402.5}, {"date": "2011-08-31", "turnover": 1393.3}, {"date": "2011-09-30", "turnover": 1403.2}, {"date": "2011-10-31", "turnover": 1455.3}, {"date": "2011-11-30", "turnover": 1515.9}, {"date": "2011-12-31", "turnover": 1869.2}]}, {"state": "ACT", "data": [{"date": "2011-01-31", "turnover": 378.6}, {"date": "2011-02-28", "turnover": 343.2}, {"date": "2011-03-31", "turnover": 378.1}, {"date": "2011-04-30", "turnover": 372.0}, {"date": "2011-05-31", "turnover": 371.3}, {"date": "2011-06-30", "turnover": 367.2}, {"date": "2011-07-31", "turnover": 366.8}, {"date": "2011-08-31", "turnover": 366.1}, {"date": "2011-09-30", "turnover": 369.6}, {"date": "2011-10-31", "turnover": 385.9}, {"date": "2011-11-30", "turnover": 391.2}, {"date": "2011-12-31", "turnover": 487.9}]}, {"state": "VIC", "data": [{"date": "2011-01-31", "turnover": 5007.6}, {"date": "2011-02-28", "turnover": 4513.7}, {"date": "2011-03-31", "turnover": 5081.9}, {"date": "2011-04-30", "turnover": 5140.5}, {"date": "2011-05-31", "turnover": 5127.7}, {"date": "2011-06-30", "turnover": 5078.4}, {"date": "2011-07-31", "turnover": 5182.8}, {"date": "2011-08-31", "turnover": 5142.0}, {"date": "2011-09-30", "turnover": 5140.8}, {"date": "2011-10-31", "turnover": 5378.4}, {"date": "2011-11-30", "turnover": 5513.6}, {"date": "2011-12-31", "turnover": 7119.7}]}, {"state": "TAS", "data": [{"date": "2011-01-31", "turnover": 415.1}, {"date": "2011-02-28", "turnover": 394.9}, {"date": "2011-03-31", "turnover": 423.6}, {"date": "2011-04-30", "turnover": 415.6}, {"date": "2011-05-31", "turnover": 408.2}, {"date": "2011-06-30", "turnover": 401.0}, {"date": "2011-07-31", "turnover": 421.0}, {"date": "2011-08-31", "turnover": 423.6}, {"date": "2011-09-30", "turnover": 421.0}, {"date": "2011-10-31", "turnover": 433.6}, {"date": "2011-11-30", "turnover": 453.6}, {"date": "2011-12-31", "turnover": 563.4}]}, {"state": "QLD", "data": [{"date": "2011-01-31", "turnover": 4074.3}, {"date": "2011-02-28", "turnover": 3705.4}, {"date": "2011-03-31", "turnover": 4004.6}, {"date": "2011-04-30", "turnover": 4018.3}, {"date": "2011-05-31", "turnover": 4068.0}, {"date": "2011-06-30", "turnover": 4068.6}, {"date": "2011-07-31", "turnover": 4285.9}, {"date": "2011-08-31", "turnover": 4294.8}, {"date": "2011-09-30", "turnover": 4298.1}, {"date": "2011-10-31", "turnover": 4331.6}, {"date": "2011-11-30", "turnover": 4428.6}, {"date": "2011-12-31", "turnover": 5414.5}]}, {"state": "NT", "data": [{"date": "2011-01-31", "turnover": 199.4}, {"date": "2011-02-28", "turnover": 194.9}, {"date": "2011-03-31", "turnover": 219.4}, {"date": "2011-04-30", "turnover": 215.1}, {"date": "2011-05-31", "turnover": 224.8}, {"date": "2011-06-30", "turnover": 234.0}, {"date": "2011-07-31", "turnover": 252.4}, {"date": "2011-08-31", "turnover": 251.0}, {"date": "2011-09-30", "turnover": 241.8}, {"date": "2011-10-31", "turnover": 240.1}, {"date": "2011-11-30", "turnover": 232.8}, {"date": "2011-12-31", "turnover": 255.6}]}]}, {"category": "Food", "regional_data": [{"state": "AUS", "data": [{"date": "2011-01-31", "turnover": 8403.6}, {"date": "2011-02-28", "turnover": 7649.6}, {"date": "2011-03-31", "turnover": 8285.0}, {"date": "2011-04-30", "turnover": 8211.3}, {"date": "2011-05-31", "turnover": 8059.0}, {"date": "2011-06-30", "turnover": 7878.3}, {"date": "2011-07-31", "turnover": 8315.2}, {"date": "2011-08-31", "turnover": 8360.3}, {"date": "2011-09-30", "turnover": 8274.2}, {"date": "2011-10-31", "turnover": 8606.3}, {"date": "2011-11-30", "turnover": 8569.9}, {"date": "2011-12-31", "turnover": 9936.0}]}, {"state": "NSW", "data": [{"date": "2011-01-31", "turnover": 2613.1}, {"date": "2011-02-28", "turnover": 2365.2}, {"date": "2011-03-31", "turnover": 2549.1}, {"date": "2011-04-30", "turnover": 2502.8}, {"date": "2011-05-31", "turnover": 2452.8}, {"date": "2011-06-30", "turnover": 2395.4}, {"date": "2011-07-31", "turnover": 2513.4}, {"date": "2011-08-31", "turnover": 2531.5}, {"date": "2011-09-30", "turnover": 2514.1}, {"date": "2011-10-31", "turnover": 2630.8}, {"date": "2011-11-30", "turnover": 2613.0}, {"date": "2011-12-31", "turnover": 3064.2}]}, {"state": "WA", "data": [{"date": "2011-01-31", "turnover": 923.6}, {"date": "2011-02-28", "turnover": 876.2}, {"date": "2011-03-31", "turnover": 955.3}, {"date": "2011-04-30", "turnover": 953.9}, {"date": "2011-05-31", "turnover": 931.9}, {"date": "2011-06-30", "turnover": 913.1}, {"date": "2011-07-31", "turnover": 947.2}, {"date": "2011-08-31", "turnover": 962.8}, {"date": "2011-09-30", "turnover": 958.4}, {"date": "2011-10-31", "turnover": 965.0}, {"date": "2011-11-30", "turnover": 969.0}, {"date": "2011-12-31", "turnover": 1152.1}]}, {"state": "SA", "data": [{"date": "2011-01-31", "turnover": 603.1}, {"date": "2011-02-28", "turnover": 549.0}, {"date": "2011-03-31", "turnover": 598.5}, {"date": "2011-04-30", "turnover": 591.9}, {"date": "2011-05-31", "turnover": 565.5}, {"date": "2011-06-30", "turnover": 549.9}, {"date": "2011-07-31", "turnover": 576.0}, {"date": "2011-08-31", "turnover": 584.1}, {"date": "2011-09-30", "turnover": 583.6}, {"date": "2011-10-31", "turnover": 617.5}, {"date": "2011-11-30", "turnover": 624.3}, {"date": "2011-12-31", "turnover": 727.8}]}, {"state": "ACT", "data": [{"date": "2011-01-31", "turnover": 160.3}, {"date": "2011-02-28", "turnover": 152.6}, {"date": "2011-03-31", "turnover": 163.6}, {"date": "2011-04-30", "turnover": 158.0}, {"date": "2011-05-31", "turnover": 158.3}, {"date": "2011-06-30", "turnover": 152.9}, {"date": "2011-07-31", "turnover": 159.3}, {"date": "2011-08-31", "turnover": 163.3}, {"date": "2011-09-30", "turnover": 160.9}, {"date": "2011-10-31", "turnover": 170.8}, {"date": "2011-11-30", "turnover": 167.9}, {"date": "2011-12-31", "turnover": 188.4}]}, {"state": "VIC", "data": [{"date": "2011-01-31", "turnover": 2022.5}, {"date": "2011-02-28", "turnover": 1826.9}, {"date": "2011-03-31", "turnover": 1990.3}, {"date": "2011-04-30", "turnover": 1964.5}, {"date": "2011-05-31", "turnover": 1934.6}, {"date": "2011-06-30", "turnover": 1881.3}, {"date": "2011-07-31", "turnover": 1992.4}, {"date": "2011-08-31", "turnover": 2002.6}, {"date": "2011-09-30", "turnover": 1972.0}, {"date": "2011-10-31", "turnover": 2061.5}, {"date": "2011-11-30", "turnover": 2069.7}, {"date": "2011-12-31", "turnover": 2404.0}]}, {"state": "TAS", "data": [{"date": "2011-01-31", "turnover": 186.3}, {"date": "2011-02-28", "turnover": 175.1}, {"date": "2011-03-31", "turnover": 186.5}, {"date": "2011-04-30", "turnover": 186.5}, {"date": "2011-05-31", "turnover": 179.9}, {"date": "2011-06-30", "turnover": 174.7}, {"date": "2011-07-31", "turnover": 174.8}, {"date": "2011-08-31", "turnover": 171.6}, {"date": "2011-09-30", "turnover": 172.8}, {"date": "2011-10-31", "turnover": 183.5}, {"date": "2011-11-30", "turnover": 183.2}, {"date": "2011-12-31", "turnover": 213.4}]}, {"state": "QLD", "data": [{"date": "2011-01-31", "turnover": 1806.0}, {"date": "2011-02-28", "turnover": 1622.3}, {"date": "2011-03-31", "turnover": 1749.7}, {"date": "2011-04-30", "turnover": 1761.1}, {"date": "2011-05-31", "turnover": 1740.7}, {"date": "2011-06-30", "turnover": 1714.9}, {"date": "2011-07-31", "turnover": 1845.4}, {"date": "2011-08-31", "turnover": 1842.2}, {"date": "2011-09-30", "turnover": 1813.7}, {"date": "2011-10-31", "turnover": 1878.1}, {"date": "2011-11-30", "turnover": 1851.2}, {"date": "2011-12-31", "turnover": 2086.4}]}, {"state": "NT", "data": [{"date": "2011-01-31", "turnover": 88.8}, {"date": "2011-02-28", "turnover": 82.3}, {"date": "2011-03-31", "turnover": 92.0}, {"date": "2011-04-30", "turnover": 92.5}, {"date": "2011-05-31", "turnover": 95.3}, {"date": "2011-06-30", "turnover": 96.0}, {"date": "2011-07-31", "turnover": 106.6}, {"date": "2011-08-31", "turnover": 102.2}, {"date": "2011-09-30", "turnover": 98.7}, {"date": "2011-10-31", "turnover": 99.1}, {"date": "2011-11-30", "turnover": 91.6}, {"date": "2011-12-31", "turnover": 99.7}]}]}, {"category": "HouseholdGood", "regional_data": [{"state": "AUS", "data": [{"date": "2011-01-31", "turnover": 3458.3}, {"date": "2011-02-28", "turnover": 3065.6}, {"date": "2011-03-31", "turnover": 3365.1}, {"date": "2011-04-30", "turnover": 3253.1}, {"date": "2011-05-31", "turnover": 3391.7}, {"date": "2011-06-30", "turnover": 3531.3}, {"date": "2011-07-31", "turnover": 3463.3}, {"date": "2011-08-31", "turnover": 3578.6}, {"date": "2011-09-30", "turnover": 3613.9}, {"date": "2011-10-31", "turnover": 3769.0}, {"date": "2011-11-30", "turnover": 3920.7}, {"date": "2011-12-31", "turnover": 4867.7}]}, {"state": "NSW", "data": [{"date": "2011-01-31", "turnover": 1068.6}, {"date": "2011-02-28", "turnover": 936.8}, {"date": "2011-03-31", "turnover": 1023.4}, {"date": "2011-04-30", "turnover": 989.1}, {"date": "2011-05-31", "turnover": 1049.8}, {"date": "2011-06-30", "turnover": 1078.5}, {"date": "2011-07-31", "turnover": 1051.2}, {"date": "2011-08-31", "turnover": 1092.1}, {"date": "2011-09-30", "turnover": 1107.0}, {"date": "2011-10-31", "turnover": 1146.3}, {"date": "2011-11-30", "turnover": 1192.5}, {"date": "2011-12-31", "turnover": 1488.0}]}, {"state": "WA", "data": [{"date": "2011-01-31", "turnover": 405.1}, {"date": "2011-02-28", "turnover": 363.4}, {"date": "2011-03-31", "turnover": 388.1}, {"date": "2011-04-30", "turnover": 377.8}, {"date": "2011-05-31", "turnover": 391.0}, {"date": "2011-06-30", "turnover": 416.7}, {"date": "2011-07-31", "turnover": 420.7}, {"date": "2011-08-31", "turnover": 426.4}, {"date": "2011-09-30", "turnover": 436.3}, {"date": "2011-10-31", "turnover": 494.5}, {"date": "2011-11-30", "turnover": 519.1}, {"date": "2011-12-31", "turnover": 604.2}]}, {"state": "SA", "data": [{"date": "2011-01-31", "turnover": 270.9}, {"date": "2011-02-28", "turnover": 229.3}, {"date": "2011-03-31", "turnover": 259.2}, {"date": "2011-04-30", "turnover": 239.6}, {"date": "2011-05-31", "turnover": 250.7}, {"date": "2011-06-30", "turnover": 259.8}, {"date": "2011-07-31", "turnover": 254.2}, {"date": "2011-08-31", "turnover": 254.7}, {"date": "2011-09-30", "turnover": 264.6}, {"date": "2011-10-31", "turnover": 258.5}, {"date": "2011-11-30", "turnover": 267.4}, {"date": "2011-12-31", "turnover": 332.2}]}, {"state": "ACT", "data": [{"date": "2011-01-31", "turnover": 85.3}, {"date": "2011-02-28", "turnover": 65.6}, {"date": "2011-03-31", "turnover": 72.4}, {"date": "2011-04-30", "turnover": 67.9}, {"date": "2011-05-31", "turnover": 69.4}, {"date": "2011-06-30", "turnover": 73.8}, {"date": "2011-07-31", "turnover": 71.1}, {"date": "2011-08-31", "turnover": 70.5}, {"date": "2011-09-30", "turnover": 73.7}, {"date": "2011-10-31", "turnover": 78.2}, {"date": "2011-11-30", "turnover": 78.5}, {"date": "2011-12-31", "turnover": 99.7}]}, {"state": "VIC", "data": [{"date": "2011-01-31", "turnover": 847.9}, {"date": "2011-02-28", "turnover": 748.3}, {"date": "2011-03-31", "turnover": 842.9}, {"date": "2011-04-30", "turnover": 841.4}, {"date": "2011-05-31", "turnover": 861.1}, {"date": "2011-06-30", "turnover": 889.1}, {"date": "2011-07-31", "turnover": 880.4}, {"date": "2011-08-31", "turnover": 914.7}, {"date": "2011-09-30", "turnover": 922.1}, {"date": "2011-10-31", "turnover": 985.5}, {"date": "2011-11-30", "turnover": 1012.4}, {"date": "2011-12-31", "turnover": 1290.2}]}, {"state": "TAS", "data": [{"date": "2011-01-31", "turnover": 77.0}, {"date": "2011-02-28", "turnover": 74.3}, {"date": "2011-03-31", "turnover": 81.9}, {"date": "2011-04-30", "turnover": 71.6}, {"date": "2011-05-31", "turnover": 73.4}, {"date": "2011-06-30", "turnover": 77.0}, {"date": "2011-07-31", "turnover": 76.4}, {"date": "2011-08-31", "turnover": 81.5}, {"date": "2011-09-30", "turnover": 80.7}, {"date": "2011-10-31", "turnover": 76.2}, {"date": "2011-11-30", "turnover": 82.8}, {"date": "2011-12-31", "turnover": 95.3}]}, {"state": "QLD", "data": [{"date": "2011-01-31", "turnover": 664.6}, {"date": "2011-02-28", "turnover": 611.3}, {"date": "2011-03-31", "turnover": 655.5}, {"date": "2011-04-30", "turnover": 625.4}, {"date": "2011-05-31", "turnover": 652.5}, {"date": "2011-06-30", "turnover": 691.8}, {"date": "2011-07-31", "turnover": 666.2}, {"date": "2011-08-31", "turnover": 691.2}, {"date": "2011-09-30", "turnover": 683.2}, {"date": "2011-10-31", "turnover": 684.5}, {"date": "2011-11-30", "turnover": 722.6}, {"date": "2011-12-31", "turnover": 909.4}]}, {"state": "NT", "data": [{"date": "2011-01-31", "turnover": 39.0}, {"date": "2011-02-28", "turnover": 36.5}, {"date": "2011-03-31", "turnover": 41.6}, {"date": "2011-04-30", "turnover": 40.3}, {"date": "2011-05-31", "turnover": 43.6}, {"date": "2011-06-30", "turnover": 44.5}, {"date": "2011-07-31", "turnover": 43.1}, {"date": "2011-08-31", "turnover": 47.4}, {"date": "2011-09-30", "turnover": 46.3}, {"date": "2011-10-31", "turnover": 45.4}, {"date": "2011-11-30", "turnover": 45.5}, {"date": "2011-12-31", "turnover": 48.7}]}]}, {"category": "ClothingFootwareAndPersonalAccessory", "regional_data": [{"state": "AUS", "data": [{"date": "2011-01-31", "turnover": 1499.0}, {"date": "2011-02-28", "turnover": 1291.8}, {"date": "2011-03-31", "turnover": 1478.2}, {"date": "2011-04-30", "turnover": 1549.9}, {"date": "2011-05-31", "turnover": 1626.1}, {"date": "2011-06-30", "turnover": 1545.9}, {"date": "2011-07-31", "turnover": 1456.2}, {"date": "2011-08-31", "turnover": 1420.7}, {"date": "2011-09-30", "turnover": 1500.0}, {"date": "2011-10-31", "turnover": 1566.6}, {"date": "2011-11-30", "turnover": 1612.0}, {"date": "2011-12-31", "turnover": 2577.1}]}, {"state": "NSW", "data": [{"date": "2011-01-31", "turnover": 499.1}, {"date": "2011-02-28", "turnover": 418.3}, {"date": "2011-03-31", "turnover": 481.9}, {"date": "2011-04-30", "turnover": 501.2}, {"date": "2011-05-31", "turnover": 525.1}, {"date": "2011-06-30", "turnover": 486.3}, {"date": "2011-07-31", "turnover": 454.5}, {"date": "2011-08-31", "turnover": 441.8}, {"date": "2011-09-30", "turnover": 484.9}, {"date": "2011-10-31", "turnover": 494.9}, {"date": "2011-11-30", "turnover": 534.0}, {"date": "2011-12-31", "turnover": 870.6}]}, {"state": "WA", "data": [{"date": "2011-01-31", "turnover": 152.2}, {"date": "2011-02-28", "turnover": 130.3}, {"date": "2011-03-31", "turnover": 140.6}, {"date": "2011-04-30", "turnover": 123.6}, {"date": "2011-05-31", "turnover": 139.7}, {"date": "2011-06-30", "turnover": 132.8}, {"date": "2011-07-31", "turnover": 136.5}, {"date": "2011-08-31", "turnover": 128.8}, {"date": "2011-09-30", "turnover": 139.0}, {"date": "2011-10-31", "turnover": 152.1}, {"date": "2011-11-30", "turnover": 150.7}, {"date": "2011-12-31", "turnover": 246.2}]}, {"state": "SA", "data": [{"date": "2011-01-31", "turnover": 91.8}, {"date": "2011-02-28", "turnover": 82.7}, {"date": "2011-03-31", "turnover": 102.7}, {"date": "2011-04-30", "turnover": 108.2}, {"date": "2011-05-31", "turnover": 113.0}, {"date": "2011-06-30", "turnover": 101.7}, {"date": "2011-07-31", "turnover": 98.3}, {"date": "2011-08-31", "turnover": 100.1}, {"date": "2011-09-30", "turnover": 100.2}, {"date": "2011-10-31", "turnover": 107.3}, {"date": "2011-11-30", "turnover": 109.5}, {"date": "2011-12-31", "turnover": 156.1}]}, {"state": "ACT", "data": [{"date": "2011-01-31", "turnover": 27.2}, {"date": "2011-02-28", "turnover": 25.2}, {"date": "2011-03-31", "turnover": 29.4}, {"date": "2011-04-30", "turnover": 30.1}, {"date": "2011-05-31", "turnover": 30.1}, {"date": "2011-06-30", "turnover": 28.5}, {"date": "2011-07-31", "turnover": 25.9}, {"date": "2011-08-31", "turnover": 22.9}, {"date": "2011-09-30", "turnover": 25.2}, {"date": "2011-10-31", "turnover": 25.9}, {"date": "2011-11-30", "turnover": 27.3}, {"date": "2011-12-31", "turnover": 42.1}]}, {"state": "VIC", "data": [{"date": "2011-01-31", "turnover": 443.1}, {"date": "2011-02-28", "turnover": 379.4}, {"date": "2011-03-31", "turnover": 446.7}, {"date": "2011-04-30", "turnover": 500.3}, {"date": "2011-05-31", "turnover": 505.4}, {"date": "2011-06-30", "turnover": 484.9}, {"date": "2011-07-31", "turnover": 422.4}, {"date": "2011-08-31", "turnover": 418.8}, {"date": "2011-09-30", "turnover": 419.0}, {"date": "2011-10-31", "turnover": 459.6}, {"date": "2011-11-30", "turnover": 455.1}, {"date": "2011-12-31", "turnover": 729.2}]}, {"state": "TAS", "data": [{"date": "2011-01-31", "turnover": 20.7}, {"date": "2011-02-28", "turnover": 20.7}, {"date": "2011-03-31", "turnover": 22.8}, {"date": "2011-04-30", "turnover": 23.0}, {"date": "2011-05-31", "turnover": 23.0}, {"date": "2011-06-30", "turnover": 21.7}, {"date": "2011-07-31", "turnover": 27.6}, {"date": "2011-08-31", "turnover": 27.5}, {"date": "2011-09-30", "turnover": 27.4}, {"date": "2011-10-31", "turnover": 26.0}, {"date": "2011-11-30", "turnover": 28.4}, {"date": "2011-12-31", "turnover": 46.1}]}, {"state": "QLD", "data": [{"date": "2011-01-31", "turnover": 255.4}, {"date": "2011-02-28", "turnover": 226.4}, {"date": "2011-03-31", "turnover": 243.2}, {"date": "2011-04-30", "turnover": 253.7}, {"date": "2011-05-31", "turnover": 277.8}, {"date": "2011-06-30", "turnover": 277.5}, {"date": "2011-07-31", "turnover": 276.1}, {"date": "2011-08-31", "turnover": 266.8}, {"date": "2011-09-30", "turnover": 291.8}, {"date": "2011-10-31", "turnover": 288.9}, {"date": "2011-11-30", "turnover": 295.8}, {"date": "2011-12-31", "turnover": 469.6}]}, {"state": "NT", "data": [{"date": "2011-01-31", "turnover": 9.5}, {"date": "2011-02-28", "turnover": 8.8}, {"date": "2011-03-31", "turnover": 10.8}, {"date": "2011-04-30", "turnover": 9.7}, {"date": "2011-05-31", "turnover": 11.9}, {"date": "2011-06-30", "turnover": 12.5}, {"date": "2011-07-31", "turnover": 15.0}, {"date": "2011-08-31", "turnover": 14.0}, {"date": "2011-09-30", "turnover": 12.6}, {"date": "2011-10-31", "turnover": 11.9}, {"date": "2011-11-30", "turnover": 11.1}, {"date": "2011-12-31", "turnover": 17.1}]}]}, {"category": "DepartmentStores", "regional_data": [{"state": "AUS", "data": [{"date": "2011-01-31", "turnover": 1412.6}, {"date": "2011-02-28", "turnover": 1117.5}, {"date": "2011-03-31", "turnover": 1321.6}, {"date": "2011-04-30", "turnover": 1472.6}, {"date": "2011-05-31", "turnover": 1408.9}, {"date": "2011-06-30", "turnover": 1471.9}, {"date": "2011-07-31", "turnover": 1532.5}, {"date": "2011-08-31", "turnover": 1293.5}, {"date": "2011-09-30", "turnover": 1345.7}, {"date": "2011-10-31", "turnover": 1404.7}, {"date": "2011-11-30", "turnover": 1660.0}, {"date": "2011-12-31", "turnover": 2730.5}]}, {"state": "NSW", "data": [{"date": "2011-01-31", "turnover": 461.2}, {"date": "2011-02-28", "turnover": 345.4}, {"date": "2011-03-31", "turnover": 415.7}, {"date": "2011-04-30", "turnover": 479.9}, {"date": "2011-05-31", "turnover": 453.9}, {"date": "2011-06-30", "turnover": 471.3}, {"date": "2011-07-31", "turnover": 476.5}, {"date": "2011-08-31", "turnover": 404.3}, {"date": "2011-09-30", "turnover": 430.3}, {"date": "2011-10-31", "turnover": 444.9}, {"date": "2011-11-30", "turnover": 527.6}, {"date": "2011-12-31", "turnover": 873.5}]}, {"state": "WA", "data": [{"date": "2011-01-31", "turnover": 151.3}, {"date": "2011-02-28", "turnover": 127.2}, {"date": "2011-03-31", "turnover": 144.4}, {"date": "2011-04-30", "turnover": 164.6}, {"date": "2011-05-31", "turnover": 162.7}, {"date": "2011-06-30", "turnover": 171.9}, {"date": "2011-07-31", "turnover": 178.4}, {"date": "2011-08-31", "turnover": 151.1}, {"date": "2011-09-30", "turnover": 154.5}, {"date": "2011-10-31", "turnover": 165.4}, {"date": "2011-11-30", "turnover": 195.3}, {"date": "2011-12-31", "turnover": 320.8}]}, {"state": "SA", "data": [{"date": "2011-01-31", "turnover": 114.4}, {"date": "2011-02-28", "turnover": 91.3}, {"date": "2011-03-31", "turnover": 115.6}, {"date": "2011-04-30", "turnover": 115.0}, {"date": "2011-05-31", "turnover": 112.4}, {"date": "2011-06-30", "turnover": 116.9}, {"date": "2011-07-31", "turnover": 124.6}, {"date": "2011-08-31", "turnover": 102.8}, {"date": "2011-09-30", "turnover": 103.7}, {"date": "2011-10-31", "turnover": 108.7}, {"date": "2011-11-30", "turnover": 133.9}, {"date": "2011-12-31", "turnover": 212.4}]}, {"state": "ACT", "data": [{"date": "2011-01-31", "turnover": 29.5}, {"date": "2011-02-28", "turnover": 23.3}, {"date": "2011-03-31", "turnover": 27.7}, {"date": "2011-04-30", "turnover": 34.5}, {"date": "2011-05-31", "turnover": 30.2}, {"date": "2011-06-30", "turnover": 32.7}, {"date": "2011-07-31", "turnover": 30.8}, {"date": "2011-08-31", "turnover": 27.0}, {"date": "2011-09-30", "turnover": 28.2}, {"date": "2011-10-31", "turnover": 29.1}, {"date": "2011-11-30", "turnover": 33.0}, {"date": "2011-12-31", "turnover": 55.0}]}, {"state": "VIC", "data": [{"date": "2011-01-31", "turnover": 327.0}, {"date": "2011-02-28", "turnover": 266.1}, {"date": "2011-03-31", "turnover": 317.1}, {"date": "2011-04-30", "turnover": 353.2}, {"date": "2011-05-31", "turnover": 334.6}, {"date": "2011-06-30", "turnover": 342.4}, {"date": "2011-07-31", "turnover": 357.8}, {"date": "2011-08-31", "turnover": 298.8}, {"date": "2011-09-30", "turnover": 307.1}, {"date": "2011-10-31", "turnover": 332.8}, {"date": "2011-11-30", "turnover": 382.7}, {"date": "2011-12-31", "turnover": 648.9}]}, {"state": "TAS", "data": [{"date": "2011-01-31", "turnover": null}, {"date": "2011-02-28", "turnover": null}, {"date": "2011-03-31", "turnover": null}, {"date": "2011-04-30", "turnover": null}, {"date": "2011-05-31", "turnover": null}, {"date": "2011-06-30", "turnover": null}, {"date": "2011-07-31", "turnover": null}, {"date": "2011-08-31", "turnover": null}, {"date": "2011-09-30", "turnover": null}, {"date": "2011-10-31", "turnover": null}, {"date": "2011-11-30", "turnover": null}, {"date": "2011-12-31", "turnover": null}]}, {"state": "QLD", "data": [{"date": "2011-01-31", "turnover": 288.2}, {"date": "2011-02-28", "turnover": 229.0}, {"date": "2011-03-31", "turnover": 261.5}, {"date": "2011-04-30", "turnover": 282.3}, {"date": "2011-05-31", "turnover": 275.4}, {"date": "2011-06-30", "turnover": 296.5}, {"date": "2011-07-31", "turnover": 315.2}, {"date": "2011-08-31", "turnover": 269.8}, {"date": "2011-09-30", "turnover": 282.0}, {"date": "2011-10-31", "turnover": 283.6}, {"date": "2011-11-30", "turnover": 339.3}, {"date": "2011-12-31", "turnover": 543.9}]}, {"state": "NT", "data": [{"date": "2011-01-31", "turnover": null}, {"date": "2011-02-28", "turnover": null}, {"date": "2011-03-31", "turnover": null}, {"date": "2011-04-30", "turnover": null}, {"date": "2011-05-31", "turnover": null}, {"date": "2011-06-30", "turnover": null}, {"date": "2011-07-31", "turnover": null}, {"date": "2011-08-31", "turnover": null}, {"date": "2011-09-30", "turnover": null}, {"date": "2011-10-31", "turnover": null}, {"date": "2011-11-30", "turnover": null}, {"date": "2011-12-31", "turnover": null}]}]}, {"category": "CafesRestaurantsAndTakeawayFood", "regional_data": [{"state": "AUS", "data": [{"date": "2011-01-31", "turnover": 2598.2}, {"date": "2011-02-28", "turnover": 2391.3}, {"date": "2011-03-31", "turnover": 2648.9}, {"date": "2011-04-30", "turnover": 2598.9}, {"date": "2011-05-31", "turnover": 2604.1}, {"date": "2011-06-30", "turnover": 2519.5}, {"date": "2011-07-31", "turnover": 2701.9}, {"date": "2011-08-31", "turnover": 2739.6}, {"date": "2011-09-30", "turnover": 2744.3}, {"date": "2011-10-31", "turnover": 2814.4}, {"date": "2011-11-30", "turnover": 2784.2}, {"date": "2011-12-31", "turnover": 3046.6}]}, {"state": "NSW", "data": [{"date": "2011-01-31", "turnover": 878.0}, {"date": "2011-02-28", "turnover": 770.7}, {"date": "2011-03-31", "turnover": 813.9}, {"date": "2011-04-30", "turnover": 791.7}, {"date": "2011-05-31", "turnover": 766.9}, {"date": "2011-06-30", "turnover": 760.4}, {"date": "2011-07-31", "turnover": 809.9}, {"date": "2011-08-31", "turnover": 818.1}, {"date": "2011-09-30", "turnover": 836.9}, {"date": "2011-10-31", "turnover": 891.5}, {"date": "2011-11-30", "turnover": 886.0}, {"date": "2011-12-31", "turnover": 1019.7}]}, {"state": "WA", "data": [{"date": "2011-01-31", "turnover": 322.9}, {"date": "2011-02-28", "turnover": 298.7}, {"date": "2011-03-31", "turnover": 347.8}, {"date": "2011-04-30", "turnover": 321.4}, {"date": "2011-05-31", "turnover": 353.7}, {"date": "2011-06-30", "turnover": 336.6}, {"date": "2011-07-31", "turnover": 372.8}, {"date": "2011-08-31", "turnover": 377.9}, {"date": "2011-09-30", "turnover": 367.4}, {"date": "2011-10-31", "turnover": 394.1}, {"date": "2011-11-30", "turnover": 395.3}, {"date": "2011-12-31", "turnover": 412.9}]}, {"state": "SA", "data": [{"date": "2011-01-31", "turnover": 143.9}, {"date": "2011-02-28", "turnover": 128.7}, {"date": "2011-03-31", "turnover": 148.7}, {"date": "2011-04-30", "turnover": 140.1}, {"date": "2011-05-31", "turnover": 135.4}, {"date": "2011-06-30", "turnover": 124.3}, {"date": "2011-07-31", "turnover": 136.9}, {"date": "2011-08-31", "turnover": 136.1}, {"date": "2011-09-30", "turnover": 141.7}, {"date": "2011-10-31", "turnover": 155.3}, {"date": "2011-11-30", "turnover": 153.3}, {"date": "2011-12-31", "turnover": 155.5}]}, {"state": "ACT", "data": [{"date": "2011-01-31", "turnover": 41.8}, {"date": "2011-02-28", "turnover": 42.3}, {"date": "2011-03-31", "turnover": 48.3}, {"date": "2011-04-30", "turnover": 44.8}, {"date": "2011-05-31", "turnover": 46.6}, {"date": "2011-06-30", "turnover": 43.7}, {"date": "2011-07-31", "turnover": 44.4}, {"date": "2011-08-31", "turnover": 45.1}, {"date": "2011-09-30", "turnover": 44.9}, {"date": "2011-10-31", "turnover": 45.2}, {"date": "2011-11-30", "turnover": 44.3}, {"date": "2011-12-31", "turnover": 48.9}]}, {"state": "VIC", "data": [{"date": "2011-01-31", "turnover": 649.4}, {"date": "2011-02-28", "turnover": 597.8}, {"date": "2011-03-31", "turnover": 689.6}, {"date": "2011-04-30", "turnover": 707.6}, {"date": "2011-05-31", "turnover": 699.1}, {"date": "2011-06-30", "turnover": 672.5}, {"date": "2011-07-31", "turnover": 694.0}, {"date": "2011-08-31", "turnover": 694.7}, {"date": "2011-09-30", "turnover": 686.9}, {"date": "2011-10-31", "turnover": 682.1}, {"date": "2011-11-30", "turnover": 681.5}, {"date": "2011-12-31", "turnover": 761.4}]}, {"state": "TAS", "data": [{"date": "2011-01-31", "turnover": 42.1}, {"date": "2011-02-28", "turnover": 41.3}, {"date": "2011-03-31", "turnover": 42.8}, {"date": "2011-04-30", "turnover": 42.5}, {"date": "2011-05-31", "turnover": 42.4}, {"date": "2011-06-30", "turnover": 41.3}, {"date": "2011-07-31", "turnover": 43.9}, {"date": "2011-08-31", "turnover": 45.6}, {"date": "2011-09-30", "turnover": 44.1}, {"date": "2011-10-31", "turnover": 45.4}, {"date": "2011-11-30", "turnover": 44.2}, {"date": "2011-12-31", "turnover": 48.7}]}, {"state": "QLD", "data": [{"date": "2011-01-31", "turnover": 490.4}, {"date": "2011-02-28", "turnover": 475.1}, {"date": "2011-03-31", "turnover": 518.2}, {"date": "2011-04-30", "turnover": 512.5}, {"date": "2011-05-31", "turnover": 522.1}, {"date": "2011-06-30", "turnover": 499.0}, {"date": "2011-07-31", "turnover": 555.2}, {"date": "2011-08-31", "turnover": 573.9}, {"date": "2011-09-30", "turnover": 578.1}, {"date": "2011-10-31", "turnover": 554.4}, {"date": "2011-11-30", "turnover": 532.9}, {"date": "2011-12-31", "turnover": 560.0}]}, {"state": "NT", "data": [{"date": "2011-01-31", "turnover": 29.8}, {"date": "2011-02-28", "turnover": 36.7}, {"date": "2011-03-31", "turnover": 39.6}, {"date": "2011-04-30", "turnover": 38.3}, {"date": "2011-05-31", "turnover": 38.0}, {"date": "2011-06-30", "turnover": 41.8}, {"date": "2011-07-31", "turnover": 44.8}, {"date": "2011-08-31", "turnover": 48.2}, {"date": "2011-09-30", "turnover": 44.4}, {"date": "2011-10-31", "turnover": 46.4}, {"date": "2011-11-30", "turnover": 46.6}, {"date": "2011-12-31", "turnover": 39.5}]}]}, {"category": "Other", "regional_data": [{"state": "AUS", "data": [{"date": "2011-01-31", "turnover": 2692.0}, {"date": "2011-02-28", "turnover": 2563.6}, {"date": "2011-03-31", "turnover": 2835.0}, {"date": "2011-04-30", "turnover": 2747.2}, {"date": "2011-05-31", "turnover": 2798.4}, {"date": "2011-06-30", "turnover": 2791.4}, {"date": "2011-07-31", "turnover": 2950.6}, {"date": "2011-08-31", "turnover": 2995.6}, {"date": "2011-09-30", "turnover": 2997.8}, {"date": "2011-10-31", "turnover": 3022.4}, {"date": "2011-11-30", "turnover": 3317.5}, {"date": "2011-12-31", "turnover": 4267.6}]}, {"state": "NSW", "data": [{"date": "2011-01-31", "turnover": 823.9}, {"date": "2011-02-28", "turnover": 778.5}, {"date": "2011-03-31", "turnover": 851.9}, {"date": "2011-04-30", "turnover": 789.1}, {"date": "2011-05-31", "turnover": 790.4}, {"date": "2011-06-30", "turnover": 780.0}, {"date": "2011-07-31", "turnover": 855.6}, {"date": "2011-08-31", "turnover": 887.8}, {"date": "2011-09-30", "turnover": 881.9}, {"date": "2011-10-31", "turnover": 874.5}, {"date": "2011-11-30", "turnover": 1028.1}, {"date": "2011-12-31", "turnover": 1242.3}]}, {"state": "WA", "data": [{"date": "2011-01-31", "turnover": 266.5}, {"date": "2011-02-28", "turnover": 244.3}, {"date": "2011-03-31", "turnover": 278.2}, {"date": "2011-04-30", "turnover": 285.9}, {"date": "2011-05-31", "turnover": 290.1}, {"date": "2011-06-30", "turnover": 297.2}, {"date": "2011-07-31", "turnover": 291.5}, {"date": "2011-08-31", "turnover": 295.0}, {"date": "2011-09-30", "turnover": 290.7}, {"date": "2011-10-31", "turnover": 304.5}, {"date": "2011-11-30", "turnover": 318.0}, {"date": "2011-12-31", "turnover": 420.7}]}, {"state": "SA", "data": [{"date": "2011-01-31", "turnover": 199.3}, {"date": "2011-02-28", "turnover": 191.1}, {"date": "2011-03-31", "turnover": 211.0}, {"date": "2011-04-30", "turnover": 195.8}, {"date": "2011-05-31", "turnover": 203.2}, {"date": "2011-06-30", "turnover": 196.3}, {"date": "2011-07-31", "turnover": 212.3}, {"date": "2011-08-31", "turnover": 215.5}, {"date": "2011-09-30", "turnover": 209.4}, {"date": "2011-10-31", "turnover": 208.1}, {"date": "2011-11-30", "turnover": 227.5}, {"date": "2011-12-31", "turnover": 285.3}]}, {"state": "ACT", "data": [{"date": "2011-01-31", "turnover": 34.5}, {"date": "2011-02-28", "turnover": 34.2}, {"date": "2011-03-31", "turnover": 36.6}, {"date": "2011-04-30", "turnover": 36.6}, {"date": "2011-05-31", "turnover": 36.7}, {"date": "2011-06-30", "turnover": 35.6}, {"date": "2011-07-31", "turnover": 35.3}, {"date": "2011-08-31", "turnover": 37.2}, {"date": "2011-09-30", "turnover": 36.8}, {"date": "2011-10-31", "turnover": 36.6}, {"date": "2011-11-30", "turnover": 40.2}, {"date": "2011-12-31", "turnover": 53.9}]}, {"state": "VIC", "data": [{"date": "2011-01-31", "turnover": 717.8}, {"date": "2011-02-28", "turnover": 695.2}, {"date": "2011-03-31", "turnover": 795.3}, {"date": "2011-04-30", "turnover": 773.4}, {"date": "2011-05-31", "turnover": 793.0}, {"date": "2011-06-30", "turnover": 808.2}, {"date": "2011-07-31", "turnover": 835.9}, {"date": "2011-08-31", "turnover": 812.4}, {"date": "2011-09-30", "turnover": 833.7}, {"date": "2011-10-31", "turnover": 856.8}, {"date": "2011-11-30", "turnover": 912.2}, {"date": "2011-12-31", "turnover": 1285.9}]}, {"state": "TAS", "data": [{"date": "2011-01-31", "turnover": null}, {"date": "2011-02-28", "turnover": null}, {"date": "2011-03-31", "turnover": null}, {"date": "2011-04-30", "turnover": null}, {"date": "2011-05-31", "turnover": null}, {"date": "2011-06-30", "turnover": null}, {"date": "2011-07-31", "turnover": null}, {"date": "2011-08-31", "turnover": null}, {"date": "2011-09-30", "turnover": null}, {"date": "2011-10-31", "turnover": null}, {"date": "2011-11-30", "turnover": null}, {"date": "2011-12-31", "turnover": null}]}, {"state": "QLD", "data": [{"date": "2011-01-31", "turnover": 569.7}, {"date": "2011-02-28", "turnover": 541.3}, {"date": "2011-03-31", "turnover": 576.5}, {"date": "2011-04-30", "turnover": 583.2}, {"date": "2011-05-31", "turnover": 599.4}, {"date": "2011-06-30", "turnover": 588.8}, {"date": "2011-07-31", "turnover": 627.8}, {"date": "2011-08-31", "turnover": 651.0}, {"date": "2011-09-30", "turnover": 649.4}, {"date": "2011-10-31", "turnover": 642.3}, {"date": "2011-11-30", "turnover": 686.8}, {"date": "2011-12-31", "turnover": 845.2}]}, {"state": "NT", "data": [{"date": "2011-01-31", "turnover": null}, {"date": "2011-02-28", "turnover": null}, {"date": "2011-03-31", "turnover": null}, {"date": "2011-04-30", "turnover": null}, {"date": "2011-05-31", "turnover": null}, {"date": "2011-06-30", "turnover": null}, {"date": "2011-07-31", "turnover": null}, {"date": "2011-08-31", "turnover": null}, {"date": "2011-09-30", "turnover": null}, {"date": "2011-10-31", "turnover": null}, {"date": "2011-11-30", "turnover": null}, {"date": "2011-12-31", "turnover": null}]}]}]}